******************************************************************************
                  MSP430 Linker PC v18.12.4                    
******************************************************************************
>> Linked Thu Mar 26 09:36:46 2020

OUTPUT FILE NAME:   <capteur_us_2231.out>
ENTRY POINT SYMBOL: "_c_int00_noargs"  address: 0000fb74


MEMORY CONFIGURATION

         name            origin    length      used     unused   attr    fill
----------------------  --------  ---------  --------  --------  ----  --------
  SFR                   00000000   00000010  00000000  00000010  RWIX
  PERIPHERALS_8BIT      00000010   000000f0  00000000  000000f0  RWIX
  PERIPHERALS_16BIT     00000100   00000100  00000000  00000100  RWIX
  RAM                   00000200   00000080  0000003e  00000042  RWIX
  INFOD                 00001000   00000040  00000000  00000040  RWIX
  INFOC                 00001040   00000040  00000000  00000040  RWIX
  INFOB                 00001080   00000040  00000000  00000040  RWIX
  INFOA                 000010c0   00000040  00000000  00000040  RWIX
  FLASH                 0000f800   000007e0  0000040e  000003d2  RWIX
  INT00                 0000ffe0   00000002  00000000  00000002  RWIX
  INT01                 0000ffe2   00000002  00000000  00000002  RWIX
  INT02                 0000ffe4   00000002  00000002  00000000  RWIX
  INT03                 0000ffe6   00000002  00000002  00000000  RWIX
  INT04                 0000ffe8   00000002  00000002  00000000  RWIX
  INT05                 0000ffea   00000002  00000002  00000000  RWIX
  INT06                 0000ffec   00000002  00000000  00000002  RWIX
  INT07                 0000ffee   00000002  00000000  00000002  RWIX
  INT08                 0000fff0   00000002  00000002  00000000  RWIX
  INT09                 0000fff2   00000002  00000002  00000000  RWIX
  INT10                 0000fff4   00000002  00000002  00000000  RWIX
  INT11                 0000fff6   00000002  00000000  00000002  RWIX
  INT12                 0000fff8   00000002  00000000  00000002  RWIX
  INT13                 0000fffa   00000002  00000000  00000002  RWIX
  INT14                 0000fffc   00000002  00000002  00000000  RWIX
  RESET                 0000fffe   00000002  00000002  00000000  RWIX


SECTION ALLOCATION MAP

 output                                  attributes/
section   page    origin      length       input sections
--------  ----  ----------  ----------   ----------------
.data      0    00000200    0000000a     UNINITIALIZED
                  00000200    0000000a     main.obj (.data)

.stack     0    0000024c    00000034     UNINITIALIZED
                  0000024c    00000002     rts430_eabi.lib : boot.c.obj (.stack)
                  0000024e    00000032     --HOLE--

.text      0    0000f800    000003fe     
                  0000f800    0000007e     main.obj (.text:radar)
                  0000f87e    0000007c     rts430_eabi.lib : copy_decompress_lzss.c.obj (.text:decompress:lzss:__TI_decompress_lzss)
                  0000f8fa    0000007a     main.obj (.text:timer1_A1_isr)
                  0000f974    0000005c     main.obj (.text:init_BOARD)
                  0000f9d0    00000050     main.obj (.text:timer0_A0_isr)
                  0000fa20    0000004c     rts430_eabi.lib : lsr16.asm.obj (.text)
                  0000fa6c    00000042                     : autoinit.c.obj (.text:__TI_auto_init_nobinit_nopinit:__TI_auto_init_nobinit_nopinit)
                  0000faae    00000038     send.obj (.text:init_send)
                  0000fae6    00000038     main.obj (.text:main)
                  0000fb1e    0000002c     rts430_eabi.lib : lsl16.asm.obj (.text)
                  0000fb4a    0000002a     main.obj (.text:init_TIMER)
                  0000fb74    0000001c     rts430_eabi.lib : boot.c.obj (.text:_c_int00_noargs)
                  0000fb90    00000016                     : div16u.asm.obj (.text)
                  0000fba6    00000012                     : copy_decompress_none.c.obj (.text:decompress:none:__TI_decompress_none)
                  0000fbb8    00000012                     : memcpy.c.obj (.text:memcpy)
                  0000fbca    00000010     send.obj (.text:Send_char_SPI)
                  0000fbda    00000010     rts430_eabi.lib : epilog.asm.obj (.text)
                  0000fbea    00000008                     : isr_trap.asm.obj (.text:_isr:__TI_ISR_TRAP)
                  0000fbf2    00000006                     : exit.c.obj (.text:abort)
                  0000fbf8    00000004                     : pre_init.c.obj (.text:_system_pre_init)
                  0000fbfc    00000002                     : startup.c.obj (.text:_system_post_cinit)

.cinit     0    0000fbfe    00000010     
                  0000fbfe    00000007     (.cinit..data.load) [load image, compression = lzss]
                  0000fc05    00000001     --HOLE-- [fill = 0]
                  0000fc06    00000004     (__TI_handler_table)
                  0000fc0a    00000004     (__TI_cinit_table)

.binit     0    0000f800    00000000     

.init_array 
*          0    0000f800    00000000     UNINITIALIZED

PORT1      0    0000ffe4    00000002     
                  0000ffe4    00000002     rts430_eabi.lib : int02.asm.obj (.int02)

PORT2      0    0000ffe6    00000002     
                  0000ffe6    00000002     rts430_eabi.lib : int03.asm.obj (.int03)

USI        0    0000ffe8    00000002     
                  0000ffe8    00000002     rts430_eabi.lib : int04.asm.obj (.int04)

ADC10      0    0000ffea    00000002     
                  0000ffea    00000002     rts430_eabi.lib : int05.asm.obj (.int05)

TIMERA1    0    0000fff0    00000002     
                  0000fff0    00000002     main.obj (.int08)

TIMERA0    0    0000fff2    00000002     
                  0000fff2    00000002     main.obj (.int09)

WDT        0    0000fff4    00000002     
                  0000fff4    00000002     rts430_eabi.lib : int10.asm.obj (.int10)

NMI        0    0000fffc    00000002     
                  0000fffc    00000002     rts430_eabi.lib : int14.asm.obj (.int14)

.reset     0    0000fffe    00000002     
                  0000fffe    00000002     rts430_eabi.lib : boot.c.obj (.reset)

MODULE SUMMARY

       Module                       code   ro data   rw data
       ------                       ----   -------   -------
    .\
       main.obj                     518    4         10     
       send.obj                     72     0         0      
    +--+----------------------------+------+---------+---------+
       Total:                       590    4         10     
                                                            
    C:\ti\ccs930\ccs\tools\compiler\ti-cgt-msp430_18.12.4.LTS\lib\rts430_eabi.lib
       copy_decompress_lzss.c.obj   124    0         0      
       lsr16.asm.obj                76     0         0      
       autoinit.c.obj               66     0         0      
       lsl16.asm.obj                44     0         0      
       boot.c.obj                   28     2         0      
       div16u.asm.obj               22     0         0      
       copy_decompress_none.c.obj   18     0         0      
       memcpy.c.obj                 18     0         0      
       epilog.asm.obj               16     0         0      
       isr_trap.asm.obj             8      0         0      
       exit.c.obj                   6      0         0      
       pre_init.c.obj               4      0         0      
       int02.asm.obj                0      2         0      
       int03.asm.obj                0      2         0      
       int04.asm.obj                0      2         0      
       int05.asm.obj                0      2         0      
       int10.asm.obj                0      2         0      
       int14.asm.obj                0      2         0      
       startup.c.obj                2      0         0      
    +--+----------------------------+------+---------+---------+
       Total:                       432    14        0      
                                                            
       Stack:                       0      0         52     
       Linker Generated:            0      15        0      
    +--+----------------------------+------+---------+---------+
       Grand Total:                 1022   33        62     


LINKER GENERATED COPY TABLES

__TI_cinit_table @ 0000fc0a records: 1, size/record: 4, table size: 4
	.data: load addr=0000fbfe, load size=00000007 bytes, run addr=00000200, run size=0000000a bytes, compression=lzss


LINKER GENERATED HANDLER TABLE

__TI_handler_table @ 0000fc06 records: 2, size/record: 2, table size: 4
	index: 0, handler: __TI_decompress_lzss
	index: 1, handler: __TI_decompress_none


GLOBAL SYMBOLS: SORTED ALPHABETICALLY BY Name 

address   name                          
-------   ----                          
0000004a  ADC10AE0                      
000001b0  ADC10CTL0                     
000001b2  ADC10CTL1                     
00000048  ADC10DTC0                     
00000049  ADC10DTC1                     
000001b4  ADC10MEM                      
000001bc  ADC10SA                       
00000057  BCSCTL1                       
00000058  BCSCTL2                       
00000053  BCSCTL3                       
0000fbf2  C$$EXIT                       
000010ff  CALBC1_1MHZ                   
000010fe  CALDCO_1MHZ                   
00000056  DCOCTL                        
00000128  FCTL1                         
0000012a  FCTL2                         
0000012c  FCTL3                         
00000000  IE1                           
00000002  IFG1                          
00000022  P1DIR                         
00000025  P1IE                          
00000024  P1IES                         
00000023  P1IFG                         
00000020  P1IN                          
00000021  P1OUT                         
00000027  P1REN                         
00000026  P1SEL                         
0000002a  P2DIR                         
0000002d  P2IE                          
0000002c  P2IES                         
0000002b  P2IFG                         
00000028  P2IN                          
00000029  P2OUT                         
0000002f  P2REN                         
0000002e  P2SEL                         
0000fbca  Send_char_SPI                 
00000172  TACCR0                        
00000174  TACCR1                        
00000162  TACCTL0                       
00000164  TACCTL1                       
00000160  TACTL                         
0000012e  TAIV                          
00000170  TAR                           
0000fbca  TXdata                        
0000007a  USICCTL                       
0000007a  USICKCTL                      
0000007b  USICNT                        
00000078  USICTL                        
00000078  USICTL0                       
00000079  USICTL1                       
0000007c  USISR                         
0000007d  USISRH                        
0000007c  USISRL                        
00000120  WDTCTL                        
00000280  __STACK_END                   
00000034  __STACK_SIZE                  
0000fc0a  __TI_CINIT_Base               
0000fc0e  __TI_CINIT_Limit              
0000fc06  __TI_Handler_Table_Base       
0000fc0a  __TI_Handler_Table_Limit      
0000fbea  __TI_ISR_TRAP                 
0000fa6c  __TI_auto_init_nobinit_nopinit
0000f87e  __TI_decompress_lzss          
0000fba6  __TI_decompress_none          
0000ffe4  __TI_int02                    
0000ffe6  __TI_int03                    
0000ffe8  __TI_int04                    
0000ffea  __TI_int05                    
0000fff0  __TI_int08                    
0000fff2  __TI_int09                    
0000fff4  __TI_int10                    
0000fffc  __TI_int14                    
ffffffff  __TI_pprof_out_hndl           
ffffffff  __TI_prof_data_size           
ffffffff  __TI_prof_data_start          
ffffffff  __c_args__                    
0000fb90  __mspabi_divu                 
0000fbe6  __mspabi_func_epilog_1        
0000fbe4  __mspabi_func_epilog_2        
0000fbe2  __mspabi_func_epilog_3        
0000fbe0  __mspabi_func_epilog_4        
0000fbde  __mspabi_func_epilog_5        
0000fbdc  __mspabi_func_epilog_6        
0000fbda  __mspabi_func_epilog_7        
0000fb90  __mspabi_remu                 
0000fb1e  __mspabi_slli                 
0000fb46  __mspabi_slli_1               
0000fb34  __mspabi_slli_10              
0000fb32  __mspabi_slli_11              
0000fb30  __mspabi_slli_12              
0000fb2e  __mspabi_slli_13              
0000fb2c  __mspabi_slli_14              
0000fb2a  __mspabi_slli_15              
0000fb44  __mspabi_slli_2               
0000fb42  __mspabi_slli_3               
0000fb40  __mspabi_slli_4               
0000fb3e  __mspabi_slli_5               
0000fb3c  __mspabi_slli_6               
0000fb3a  __mspabi_slli_7               
0000fb38  __mspabi_slli_8               
0000fb36  __mspabi_slli_9               
0000fa20  __mspabi_srli                 
0000fa66  __mspabi_srli_1               
0000fa42  __mspabi_srli_10              
0000fa3e  __mspabi_srli_11              
0000fa3a  __mspabi_srli_12              
0000fa36  __mspabi_srli_13              
0000fa32  __mspabi_srli_14              
0000fa2e  __mspabi_srli_15              
0000fa62  __mspabi_srli_2               
0000fa5e  __mspabi_srli_3               
0000fa5a  __mspabi_srli_4               
0000fa56  __mspabi_srli_5               
0000fa52  __mspabi_srli_6               
0000fa4e  __mspabi_srli_7               
0000fa4a  __mspabi_srli_8               
0000fa46  __mspabi_srli_9               
0000fb74  _c_int00_noargs               
0000fffe  _reset_vector                 
0000024c  _stack                        
0000fbfc  _system_post_cinit            
0000fbf8  _system_pre_init              
0000fbf2  abort                         
00000206  delay_measurement             
00000204  distance                      
0000f974  init_BOARD                    
0000fb4a  init_TIMER                    
0000faae  init_send                     
0000fae6  main                          
0000fbb8  memcpy                        
0000f800  radar                         
00000200  t1                            
00000202  t2                            
0000f9d0  timer0_A0_isr                 
0000f8fa  timer1_A1_isr                 


GLOBAL SYMBOLS: SORTED BY Symbol Address 

address   name                          
-------   ----                          
00000000  IE1                           
00000002  IFG1                          
00000020  P1IN                          
00000021  P1OUT                         
00000022  P1DIR                         
00000023  P1IFG                         
00000024  P1IES                         
00000025  P1IE                          
00000026  P1SEL                         
00000027  P1REN                         
00000028  P2IN                          
00000029  P2OUT                         
0000002a  P2DIR                         
0000002b  P2IFG                         
0000002c  P2IES                         
0000002d  P2IE                          
0000002e  P2SEL                         
0000002f  P2REN                         
00000034  __STACK_SIZE                  
00000048  ADC10DTC0                     
00000049  ADC10DTC1                     
0000004a  ADC10AE0                      
00000053  BCSCTL3                       
00000056  DCOCTL                        
00000057  BCSCTL1                       
00000058  BCSCTL2                       
00000078  USICTL                        
00000078  USICTL0                       
00000079  USICTL1                       
0000007a  USICCTL                       
0000007a  USICKCTL                      
0000007b  USICNT                        
0000007c  USISR                         
0000007c  USISRL                        
0000007d  USISRH                        
00000120  WDTCTL                        
00000128  FCTL1                         
0000012a  FCTL2                         
0000012c  FCTL3                         
0000012e  TAIV                          
00000160  TACTL                         
00000162  TACCTL0                       
00000164  TACCTL1                       
00000170  TAR                           
00000172  TACCR0                        
00000174  TACCR1                        
000001b0  ADC10CTL0                     
000001b2  ADC10CTL1                     
000001b4  ADC10MEM                      
000001bc  ADC10SA                       
00000200  t1                            
00000202  t2                            
00000204  distance                      
00000206  delay_measurement             
0000024c  _stack                        
00000280  __STACK_END                   
000010fe  CALDCO_1MHZ                   
000010ff  CALBC1_1MHZ                   
0000f800  radar                         
0000f87e  __TI_decompress_lzss          
0000f8fa  timer1_A1_isr                 
0000f974  init_BOARD                    
0000f9d0  timer0_A0_isr                 
0000fa20  __mspabi_srli                 
0000fa2e  __mspabi_srli_15              
0000fa32  __mspabi_srli_14              
0000fa36  __mspabi_srli_13              
0000fa3a  __mspabi_srli_12              
0000fa3e  __mspabi_srli_11              
0000fa42  __mspabi_srli_10              
0000fa46  __mspabi_srli_9               
0000fa4a  __mspabi_srli_8               
0000fa4e  __mspabi_srli_7               
0000fa52  __mspabi_srli_6               
0000fa56  __mspabi_srli_5               
0000fa5a  __mspabi_srli_4               
0000fa5e  __mspabi_srli_3               
0000fa62  __mspabi_srli_2               
0000fa66  __mspabi_srli_1               
0000fa6c  __TI_auto_init_nobinit_nopinit
0000faae  init_send                     
0000fae6  main                          
0000fb1e  __mspabi_slli                 
0000fb2a  __mspabi_slli_15              
0000fb2c  __mspabi_slli_14              
0000fb2e  __mspabi_slli_13              
0000fb30  __mspabi_slli_12              
0000fb32  __mspabi_slli_11              
0000fb34  __mspabi_slli_10              
0000fb36  __mspabi_slli_9               
0000fb38  __mspabi_slli_8               
0000fb3a  __mspabi_slli_7               
0000fb3c  __mspabi_slli_6               
0000fb3e  __mspabi_slli_5               
0000fb40  __mspabi_slli_4               
0000fb42  __mspabi_slli_3               
0000fb44  __mspabi_slli_2               
0000fb46  __mspabi_slli_1               
0000fb4a  init_TIMER                    
0000fb74  _c_int00_noargs               
0000fb90  __mspabi_divu                 
0000fb90  __mspabi_remu                 
0000fba6  __TI_decompress_none          
0000fbb8  memcpy                        
0000fbca  Send_char_SPI                 
0000fbca  TXdata                        
0000fbda  __mspabi_func_epilog_7        
0000fbdc  __mspabi_func_epilog_6        
0000fbde  __mspabi_func_epilog_5        
0000fbe0  __mspabi_func_epilog_4        
0000fbe2  __mspabi_func_epilog_3        
0000fbe4  __mspabi_func_epilog_2        
0000fbe6  __mspabi_func_epilog_1        
0000fbea  __TI_ISR_TRAP                 
0000fbf2  C$$EXIT                       
0000fbf2  abort                         
0000fbf8  _system_pre_init              
0000fbfc  _system_post_cinit            
0000fc06  __TI_Handler_Table_Base       
0000fc0a  __TI_CINIT_Base               
0000fc0a  __TI_Handler_Table_Limit      
0000fc0e  __TI_CINIT_Limit              
0000ffe4  __TI_int02                    
0000ffe6  __TI_int03                    
0000ffe8  __TI_int04                    
0000ffea  __TI_int05                    
0000fff0  __TI_int08                    
0000fff2  __TI_int09                    
0000fff4  __TI_int10                    
0000fffc  __TI_int14                    
0000fffe  _reset_vector                 
ffffffff  __TI_pprof_out_hndl           
ffffffff  __TI_prof_data_size           
ffffffff  __TI_prof_data_start          
ffffffff  __c_args__                    

[135 symbols]
