******************************************************************************
                  MSP430 Linker PC v16.9.6                     
******************************************************************************
>> Linked Fri Mar 06 15:02:48 2020

OUTPUT FILE NAME:   <Robot.out>
ENTRY POINT SYMBOL: "_c_int00_noargs_noexit"  address: 0000d4a8


MEMORY CONFIGURATION

         name            origin    length      used     unused   attr    fill
----------------------  --------  ---------  --------  --------  ----  --------
  SFR                   00000000   00000010  00000000  00000010  RWIX
  PERIPHERALS_8BIT      00000010   000000f0  00000000  000000f0  RWIX
  PERIPHERALS_16BIT     00000100   00000100  00000000  00000100  RWIX
  RAM                   00000200   00000200  0000006e  00000192  RWIX
  INFOD                 00001000   00000040  00000000  00000040  RWIX
  INFOC                 00001040   00000040  00000000  00000040  RWIX
  INFOB                 00001080   00000040  00000000  00000040  RWIX
  INFOA                 000010c0   00000040  00000000  00000040  RWIX
  FLASH                 0000c000   00003fde  000015ba  00002a24  RWIX
  BSLSIGNATURE          0000ffde   00000002  00000002  00000000  RWIX  ffff 
  INT00                 0000ffe0   00000002  00000002  00000000  RWIX
  INT01                 0000ffe2   00000002  00000000  00000002  RWIX
  INT02                 0000ffe4   00000002  00000002  00000000  RWIX
  INT03                 0000ffe6   00000002  00000002  00000000  RWIX
  INT04                 0000ffe8   00000002  00000000  00000002  RWIX
  INT05                 0000ffea   00000002  00000002  00000000  RWIX
  INT06                 0000ffec   00000002  00000002  00000000  RWIX
  INT07                 0000ffee   00000002  00000002  00000000  RWIX
  INT08                 0000fff0   00000002  00000002  00000000  RWIX
  INT09                 0000fff2   00000002  00000002  00000000  RWIX
  INT10                 0000fff4   00000002  00000002  00000000  RWIX
  INT11                 0000fff6   00000002  00000002  00000000  RWIX
  INT12                 0000fff8   00000002  00000002  00000000  RWIX
  INT13                 0000fffa   00000002  00000002  00000000  RWIX
  INT14                 0000fffc   00000002  00000002  00000000  RWIX
  RESET                 0000fffe   00000002  00000002  00000000  RWIX


SECTION ALLOCATION MAP

 output                                  attributes/
section   page    origin      length       input sections
--------  ----  ----------  ----------   ----------------
.data      0    00000200    0000001e     UNINITIALIZED
                  00000200    00000012     main.obj (.data)
                  00000212    0000000c     Dplc.obj (.data)

.stack     0    000003b0    00000050     UNINITIALIZED
                  000003b0    00000002     rts430_eabi.lib : boot.obj (.stack)
                  000003b2    0000004e     --HOLE--

.text      0    0000c000    000015aa     
                  0000c000    000002e8     rts430_eabi.lib : addd.obj (.text:__mspabi_addd)
                  0000c2e8    00000286                     : frcmpyd.obj (.text:__TI_frcmpyd)
                  0000c56e    0000026e                     : mpyd.obj (.text:__mspabi_mpyd)
                  0000c7dc    00000260                     : frcaddd.obj (.text:__TI_frcaddd)
                  0000ca3c    00000244     main.obj (.text:main)
                  0000cc80    000000be     rts430_eabi.lib : renormd.obj (.text:__TI_renormd)
                  0000cd3e    000000ac                     : fltlid.obj (.text:__mspabi_fltlid)
                  0000cdea    00000098     Dplc.obj (.text:Init_robot)
                  0000ce82    0000007c     rts430_eabi.lib : copy_decompress_lzss.obj (.text:decompress:lzss:__TI_decompress_lzss)
                  0000cefe    0000007c     main.obj (.text:detect)
                  0000cf7a    00000074     rts430_eabi.lib : fixdul.obj (.text:__mspabi_fixdul)
                  0000cfee    0000006e     Dplc.obj (.text:Set_vitesse)
                  0000d05c    0000006e     rts430_eabi.lib : autoinit.obj (.text:_auto_init)
                  0000d0ca    0000005c     Dplc.obj (.text:Set_Direction)
                  0000d126    0000005c     rts430_eabi.lib : lsr32.obj (.text:l_lsr_const)
                  0000d182    0000005a                     : cpy_tbl.obj (.text:copy_in)
                  0000d1dc    0000004c                     : lsr16.obj (.text)
                  0000d228    0000003e                     : asr32.obj (.text:l_asr_const)
                  0000d266    0000003e                     : lsl32.obj (.text:l_lsl_const)
                  0000d2a4    0000003c     Dplc.obj (.text:Equilibre)
                  0000d2e0    0000003c     main.obj (.text:timer_test)
                  0000d31c    00000034     main.obj (.text:Interrupteur)
                  0000d350    00000032     Dplc.obj (.text:Lecture_nbr_tour)
                  0000d382    0000002e     rts430_eabi.lib : subd.obj (.text:__mspabi_subd)
                  0000d3b0    0000002e     Dplc.obj (.text:val_optocoupleur_Mot_1)
                  0000d3de    0000002e     Dplc.obj (.text:val_optocoupleur_Mot_2)
                  0000d40c    0000002c     rts430_eabi.lib : asr16.obj (.text)
                  0000d438    0000002c                     : lsl16.obj (.text)
                  0000d464    00000026                     : mult32.obj (.text)
                  0000d48a    0000001e     Dplc.obj (.text:coupleA_compte)
                  0000d4a8    0000001a     rts430_eabi.lib : boot_special.obj (.text:_c_int00_noargs_noexit)
                  0000d4c2    00000016     ADC.obj (.text:ADC_Demarrer_conversion)
                  0000d4d8    00000016     ADC.obj (.text:ADC_init)
                  0000d4ee    00000014     rts430_eabi.lib : mult16.obj (.text)
                  0000d502    00000012                     : fixdu.obj (.text:__mspabi_fixdu)
                  0000d514    00000012                     : copy_decompress_none.obj (.text:decompress:none:__TI_decompress_none)
                  0000d526    00000012                     : lsr32.obj (.text:l_lsr)
                  0000d538    00000012                     : memcpy.obj (.text:memcpy)
                  0000d54a    00000010     ADC.obj (.text:ADC_Lire_resultat)
                  0000d55a    00000010     rts430_eabi.lib : asr32.obj (.text:l_asr)
                  0000d56a    00000010                     : lsl32.obj (.text:l_lsl)
                  0000d57a    00000010                     : epilog.obj (.text)
                  0000d58a    0000000c                     : fltid.obj (.text:__mspabi_fltid)
                  0000d596    00000008                     : isr_trap.obj (.text:_isr:__TI_ISR_TRAP)
                  0000d59e    00000006                     : exit.obj (.text:abort)
                  0000d5a4    00000004                     : pre_init.obj (.text:_system_pre_init)
                  0000d5a8    00000002                     : startup.obj (.text:_system_post_cinit)

.cinit     0    0000d5aa    00000010     
                  0000d5aa    00000008     (.cinit..data.load) [load image, compression = lzss]
                  0000d5b2    00000004     (__TI_handler_table)
                  0000d5b6    00000004     (__TI_cinit_table)

.binit     0    0000c000    00000000     

.init_array 
*          0    0000c000    00000000     UNINITIALIZED

TRAPINT    0    0000ffe0    00000002     
                  0000ffe0    00000002     rts430_eabi.lib : int00.obj (.int00)

$fill000   0    0000ffde    00000002     
                  0000ffde    00000002     --HOLE-- [fill = ffff]

PORT1      0    0000ffe4    00000002     
                  0000ffe4    00000002     main.obj (.int02)

PORT2      0    0000ffe6    00000002     
                  0000ffe6    00000002     Dplc.obj (.int03)

ADC10      0    0000ffea    00000002     
                  0000ffea    00000002     rts430_eabi.lib : int05.obj (.int05)

USCIAB0TX 
*          0    0000ffec    00000002     
                  0000ffec    00000002     rts430_eabi.lib : int06.obj (.int06)

USCIAB0RX 
*          0    0000ffee    00000002     
                  0000ffee    00000002     rts430_eabi.lib : int07.obj (.int07)

TIMER0_A1 
*          0    0000fff0    00000002     
                  0000fff0    00000002     main.obj (.int08)

TIMER0_A0 
*          0    0000fff2    00000002     
                  0000fff2    00000002     rts430_eabi.lib : int09.obj (.int09)

WDT        0    0000fff4    00000002     
                  0000fff4    00000002     rts430_eabi.lib : int10.obj (.int10)

COMPARATORA 
*          0    0000fff6    00000002     
                  0000fff6    00000002     rts430_eabi.lib : int11.obj (.int11)

TIMER1_A1 
*          0    0000fff8    00000002     
                  0000fff8    00000002     main.obj (.int12)

TIMER1_A0 
*          0    0000fffa    00000002     
                  0000fffa    00000002     rts430_eabi.lib : int13.obj (.int13)

NMI        0    0000fffc    00000002     
                  0000fffc    00000002     rts430_eabi.lib : int14.obj (.int14)

.reset     0    0000fffe    00000002     
                  0000fffe    00000002     rts430_eabi.lib : boot.obj (.reset)

MODULE SUMMARY

       Module                     code   ro data   rw data
       ------                     ----   -------   -------
    .\
       main.obj                   816    6         18     
       Dplc.obj                   586    2         12     
       ADC.obj                    60     0         0      
    +--+--------------------------+------+---------+---------+
       Total:                     1462   8         30     
                                                          
    C:\ti\ccsv7\tools\compiler\ti-cgt-msp430_16.9.6.LTS\lib\rts430_eabi.lib
       addd.obj                   744    0         0      
       frcmpyd.obj                646    0         0      
       mpyd.obj                   622    0         0      
       frcaddd.obj                608    0         0      
       renormd.obj                190    0         0      
       fltlid.obj                 172    0         0      
       copy_decompress_lzss.obj   124    0         0      
       fixdul.obj                 116    0         0      
       autoinit.obj               110    0         0      
       lsr32.obj                  110    0         0      
       cpy_tbl.obj                90     0         0      
       asr32.obj                  78     0         0      
       lsl32.obj                  78     0         0      
       lsr16.obj                  76     0         0      
       subd.obj                   46     0         0      
       asr16.obj                  44     0         0      
       lsl16.obj                  44     0         0      
       mult32.obj                 38     0         0      
       boot_special.obj           26     0         0      
       mult16.obj                 20     0         0      
       copy_decompress_none.obj   18     0         0      
       fixdu.obj                  18     0         0      
       memcpy.obj                 18     0         0      
       epilog.obj                 16     0         0      
       fltid.obj                  12     0         0      
       isr_trap.obj               8      0         0      
       exit.obj                   6      0         0      
       pre_init.obj               4      0         0      
       boot.obj                   0      2         0      
       int00.obj                  0      2         0      
       int05.obj                  0      2         0      
       int06.obj                  0      2         0      
       int07.obj                  0      2         0      
       int09.obj                  0      2         0      
       int10.obj                  0      2         0      
       int11.obj                  0      2         0      
       int13.obj                  0      2         0      
       int14.obj                  0      2         0      
       startup.obj                2      0         0      
    +--+--------------------------+------+---------+---------+
       Total:                     4084   20        0      
                                                          
       Stack:                     0      0         80     
       Linker Generated:          0      16        0      
    +--+--------------------------+------+---------+---------+
       Grand Total:               5546   44        110    


LINKER GENERATED COPY TABLES

__TI_cinit_table @ 0000d5b6 records: 1, size/record: 4, table size: 4
	.data: load addr=0000d5aa, load size=00000008 bytes, run addr=00000200, run size=0000001e bytes, compression=lzss


LINKER GENERATED HANDLER TABLE

__TI_handler_table @ 0000d5b2 records: 2, size/record: 2, table size: 4
	index: 0, handler: __TI_decompress_lzss
	index: 1, handler: __TI_decompress_none


GLOBAL SYMBOLS: SORTED ALPHABETICALLY BY Name 

address   name                    
-------   ----                    
0000004a  ADC10AE0                
000001b0  ADC10CTL0               
000001b2  ADC10CTL1               
00000048  ADC10DTC0               
00000049  ADC10DTC1               
000001b4  ADC10MEM                
000001bc  ADC10SA                 
0000d4c2  ADC_Demarrer_conversion 
0000d54a  ADC_Lire_resultat       
0000d4d8  ADC_init                
00000057  BCSCTL1                 
00000058  BCSCTL2                 
00000053  BCSCTL3                 
0000d59e  C$$EXIT                 
00000059  CACTL1                  
0000005a  CACTL2                  
000010fb  CALBC1_12MHZ            
000010f9  CALBC1_16MHZ            
000010ff  CALBC1_1MHZ             
000010fd  CALBC1_8MHZ             
000010fa  CALDCO_12MHZ            
000010f8  CALDCO_16MHZ            
000010fe  CALDCO_1MHZ             
000010fc  CALDCO_8MHZ             
0000005b  CAPD                    
00000056  DCOCTL                  
0000d2a4  Equilibre               
00000128  FCTL1                   
0000012a  FCTL2                   
0000012c  FCTL3                   
00000216  FG                      
00000218  FG1                     
00000212  FLG1                    
00000214  FLG2                    
00000000  IE1                     
00000001  IE2                     
00000002  IFG1                    
00000003  IFG2                    
0000cdea  Init_robot              
0000d31c  Interrupteur            
0000d350  Lecture_nbr_tour        
00000022  P1DIR                   
00000025  P1IE                    
00000024  P1IES                   
00000023  P1IFG                   
00000020  P1IN                    
00000021  P1OUT                   
00000027  P1REN                   
00000026  P1SEL                   
00000041  P1SEL2                  
0000002a  P2DIR                   
0000002d  P2IE                    
0000002c  P2IES                   
0000002b  P2IFG                   
00000028  P2IN                    
00000029  P2OUT                   
0000002f  P2REN                   
0000002e  P2SEL                   
00000042  P2SEL2                  
0000001a  P3DIR                   
00000018  P3IN                    
00000019  P3OUT                   
00000010  P3REN                   
0000001b  P3SEL                   
00000043  P3SEL2                  
0000d0ca  Set_Direction           
0000cfee  Set_vitesse             
00000172  TA0CCR0                 
00000174  TA0CCR1                 
00000176  TA0CCR2                 
00000162  TA0CCTL0                
00000164  TA0CCTL1                
00000166  TA0CCTL2                
00000160  TA0CTL                  
0000012e  TA0IV                   
00000170  TA0R                    
00000192  TA1CCR0                 
00000194  TA1CCR1                 
00000196  TA1CCR2                 
00000182  TA1CCTL0                
00000184  TA1CCTL1                
00000186  TA1CCTL2                
00000180  TA1CTL                  
0000011e  TA1IV                   
00000190  TA1R                    
000010db  TLV_ADC10_1_LEN         
000010da  TLV_ADC10_1_TAG         
000010c0  TLV_CHECKSUM            
000010f7  TLV_DCO_30_LEN          
000010f6  TLV_DCO_30_TAG          
0000005d  UCA0ABCTL               
00000062  UCA0BR0                 
00000063  UCA0BR1                 
00000060  UCA0CTL0                
00000061  UCA0CTL1                
0000005f  UCA0IRRCTL              
0000005e  UCA0IRTCTL              
00000064  UCA0MCTL                
00000066  UCA0RXBUF               
00000065  UCA0STAT                
00000067  UCA0TXBUF               
0000006a  UCB0BR0                 
0000006b  UCB0BR1                 
00000068  UCB0CTL0                
00000069  UCB0CTL1                
0000006c  UCB0I2CIE               
00000118  UCB0I2COA               
0000011a  UCB0I2CSA               
0000006e  UCB0RXBUF               
0000006d  UCB0STAT                
0000006f  UCB0TXBUF               
00000120  WDTCTL                  
00000400  __STACK_END             
00000050  __STACK_SIZE            
UNDEFED   __TI_BINIT_Base         
UNDEFED   __TI_BINIT_Limit        
0000d5b6  __TI_CINIT_Base         
0000d5ba  __TI_CINIT_Limit        
0000d5b2  __TI_Handler_Table_Base 
0000d5b6  __TI_Handler_Table_Limit
UNDEFED   __TI_INITARRAY_Base     
UNDEFED   __TI_INITARRAY_Limit    
0000d596  __TI_ISR_TRAP           
0000ce82  __TI_decompress_lzss    
0000d514  __TI_decompress_none    
0000c7dc  __TI_frcaddd            
0000c2e8  __TI_frcmpyd            
0000ffe0  __TI_int00              
0000ffe4  __TI_int02              
0000ffe6  __TI_int03              
0000ffea  __TI_int05              
0000ffec  __TI_int06              
0000ffee  __TI_int07              
0000fff0  __TI_int08              
0000fff2  __TI_int09              
0000fff4  __TI_int10              
0000fff6  __TI_int11              
0000fff8  __TI_int12              
0000fffa  __TI_int13              
0000fffc  __TI_int14              
ffffffff  __TI_pprof_out_hndl     
ffffffff  __TI_prof_data_size     
ffffffff  __TI_prof_data_start    
0000cc80  __TI_renormd            
ffffffff  __c_args__              
0000c000  __mspabi_addd           
0000d502  __mspabi_fixdu          
0000cf7a  __mspabi_fixdul         
0000d58a  __mspabi_fltid          
0000cd3e  __mspabi_fltlid         
0000d586  __mspabi_func_epilog_1  
0000d584  __mspabi_func_epilog_2  
0000d582  __mspabi_func_epilog_3  
0000d580  __mspabi_func_epilog_4  
0000d57e  __mspabi_func_epilog_5  
0000d57c  __mspabi_func_epilog_6  
0000d57a  __mspabi_func_epilog_7  
0000c56e  __mspabi_mpyd           
0000d4ee  __mspabi_mpyi           
0000d4ee  __mspabi_mpyi_sw        
0000d464  __mspabi_mpyl           
0000d464  __mspabi_mpyl_sw        
0000d438  __mspabi_slli           
0000d460  __mspabi_slli_1         
0000d44e  __mspabi_slli_10        
0000d44c  __mspabi_slli_11        
0000d44a  __mspabi_slli_12        
0000d448  __mspabi_slli_13        
0000d446  __mspabi_slli_14        
0000d444  __mspabi_slli_15        
0000d45e  __mspabi_slli_2         
0000d45c  __mspabi_slli_3         
0000d45a  __mspabi_slli_4         
0000d458  __mspabi_slli_5         
0000d456  __mspabi_slli_6         
0000d454  __mspabi_slli_7         
0000d452  __mspabi_slli_8         
0000d450  __mspabi_slli_9         
0000d56a  __mspabi_slll           
0000d29e  __mspabi_slll_1         
0000d27a  __mspabi_slll_10        
0000d276  __mspabi_slll_11        
0000d272  __mspabi_slll_12        
0000d26e  __mspabi_slll_13        
0000d26a  __mspabi_slll_14        
0000d266  __mspabi_slll_15        
0000d29a  __mspabi_slll_2         
0000d296  __mspabi_slll_3         
0000d292  __mspabi_slll_4         
0000d28e  __mspabi_slll_5         
0000d28a  __mspabi_slll_6         
0000d286  __mspabi_slll_7         
0000d282  __mspabi_slll_8         
0000d27e  __mspabi_slll_9         
0000d40c  __mspabi_srai           
0000d434  __mspabi_srai_1         
0000d422  __mspabi_srai_10        
0000d420  __mspabi_srai_11        
0000d41e  __mspabi_srai_12        
0000d41c  __mspabi_srai_13        
0000d41a  __mspabi_srai_14        
0000d418  __mspabi_srai_15        
0000d432  __mspabi_srai_2         
0000d430  __mspabi_srai_3         
0000d42e  __mspabi_srai_4         
0000d42c  __mspabi_srai_5         
0000d42a  __mspabi_srai_6         
0000d428  __mspabi_srai_7         
0000d426  __mspabi_srai_8         
0000d424  __mspabi_srai_9         
0000d55a  __mspabi_sral           
0000d260  __mspabi_sral_1         
0000d23c  __mspabi_sral_10        
0000d238  __mspabi_sral_11        
0000d234  __mspabi_sral_12        
0000d230  __mspabi_sral_13        
0000d22c  __mspabi_sral_14        
0000d228  __mspabi_sral_15        
0000d25c  __mspabi_sral_2         
0000d258  __mspabi_sral_3         
0000d254  __mspabi_sral_4         
0000d250  __mspabi_sral_5         
0000d24c  __mspabi_sral_6         
0000d248  __mspabi_sral_7         
0000d244  __mspabi_sral_8         
0000d240  __mspabi_sral_9         
0000d1dc  __mspabi_srli           
0000d222  __mspabi_srli_1         
0000d1fe  __mspabi_srli_10        
0000d1fa  __mspabi_srli_11        
0000d1f6  __mspabi_srli_12        
0000d1f2  __mspabi_srli_13        
0000d1ee  __mspabi_srli_14        
0000d1ea  __mspabi_srli_15        
0000d21e  __mspabi_srli_2         
0000d21a  __mspabi_srli_3         
0000d216  __mspabi_srli_4         
0000d212  __mspabi_srli_5         
0000d20e  __mspabi_srli_6         
0000d20a  __mspabi_srli_7         
0000d206  __mspabi_srli_8         
0000d202  __mspabi_srli_9         
0000d526  __mspabi_srll           
0000d17a  __mspabi_srll_1         
0000d144  __mspabi_srll_10        
0000d13e  __mspabi_srll_11        
0000d138  __mspabi_srll_12        
0000d132  __mspabi_srll_13        
0000d12c  __mspabi_srll_14        
0000d126  __mspabi_srll_15        
0000d174  __mspabi_srll_2         
0000d16e  __mspabi_srll_3         
0000d168  __mspabi_srll_4         
0000d162  __mspabi_srll_5         
0000d15c  __mspabi_srll_6         
0000d156  __mspabi_srll_7         
0000d150  __mspabi_srll_8         
0000d14a  __mspabi_srll_9         
0000d382  __mspabi_subd           
0000d05c  _auto_init              
0000d4a8  _c_int00_noargs_noexit  
0000fffe  _reset_vector           
000003b0  _stack                  
0000d5a8  _system_post_cinit      
0000d5a4  _system_pre_init        
0000d59e  abort                   
0000020e  capt                    
00000200  compteur                
0000d182  copy_in                 
0000d48a  coupleA_compte          
0000cefe  detect                  
0000020a  infra_centre            
0000020c  infra_droite            
00000210  init                    
0000ca3c  main                    
0000d538  memcpy                  
00000204  move                    
00000208  obstacle                
0000d2e0  timer_test              
00000202  tolerance               
0000021a  tour_bis                
0000021c  tour_bis1               
00000206  trou                    
0000d3b0  val_optocoupleur_Mot_1  
0000d3de  val_optocoupleur_Mot_2  


GLOBAL SYMBOLS: SORTED BY Symbol Address 

address   name                    
-------   ----                    
00000000  IE1                     
00000001  IE2                     
00000002  IFG1                    
00000003  IFG2                    
00000010  P3REN                   
00000018  P3IN                    
00000019  P3OUT                   
0000001a  P3DIR                   
0000001b  P3SEL                   
00000020  P1IN                    
00000021  P1OUT                   
00000022  P1DIR                   
00000023  P1IFG                   
00000024  P1IES                   
00000025  P1IE                    
00000026  P1SEL                   
00000027  P1REN                   
00000028  P2IN                    
00000029  P2OUT                   
0000002a  P2DIR                   
0000002b  P2IFG                   
0000002c  P2IES                   
0000002d  P2IE                    
0000002e  P2SEL                   
0000002f  P2REN                   
00000041  P1SEL2                  
00000042  P2SEL2                  
00000043  P3SEL2                  
00000048  ADC10DTC0               
00000049  ADC10DTC1               
0000004a  ADC10AE0                
00000050  __STACK_SIZE            
00000053  BCSCTL3                 
00000056  DCOCTL                  
00000057  BCSCTL1                 
00000058  BCSCTL2                 
00000059  CACTL1                  
0000005a  CACTL2                  
0000005b  CAPD                    
0000005d  UCA0ABCTL               
0000005e  UCA0IRTCTL              
0000005f  UCA0IRRCTL              
00000060  UCA0CTL0                
00000061  UCA0CTL1                
00000062  UCA0BR0                 
00000063  UCA0BR1                 
00000064  UCA0MCTL                
00000065  UCA0STAT                
00000066  UCA0RXBUF               
00000067  UCA0TXBUF               
00000068  UCB0CTL0                
00000069  UCB0CTL1                
0000006a  UCB0BR0                 
0000006b  UCB0BR1                 
0000006c  UCB0I2CIE               
0000006d  UCB0STAT                
0000006e  UCB0RXBUF               
0000006f  UCB0TXBUF               
00000118  UCB0I2COA               
0000011a  UCB0I2CSA               
0000011e  TA1IV                   
00000120  WDTCTL                  
00000128  FCTL1                   
0000012a  FCTL2                   
0000012c  FCTL3                   
0000012e  TA0IV                   
00000160  TA0CTL                  
00000162  TA0CCTL0                
00000164  TA0CCTL1                
00000166  TA0CCTL2                
00000170  TA0R                    
00000172  TA0CCR0                 
00000174  TA0CCR1                 
00000176  TA0CCR2                 
00000180  TA1CTL                  
00000182  TA1CCTL0                
00000184  TA1CCTL1                
00000186  TA1CCTL2                
00000190  TA1R                    
00000192  TA1CCR0                 
00000194  TA1CCR1                 
00000196  TA1CCR2                 
000001b0  ADC10CTL0               
000001b2  ADC10CTL1               
000001b4  ADC10MEM                
000001bc  ADC10SA                 
00000200  compteur                
00000202  tolerance               
00000204  move                    
00000206  trou                    
00000208  obstacle                
0000020a  infra_centre            
0000020c  infra_droite            
0000020e  capt                    
00000210  init                    
00000212  FLG1                    
00000214  FLG2                    
00000216  FG                      
00000218  FG1                     
0000021a  tour_bis                
0000021c  tour_bis1               
000003b0  _stack                  
00000400  __STACK_END             
000010c0  TLV_CHECKSUM            
000010da  TLV_ADC10_1_TAG         
000010db  TLV_ADC10_1_LEN         
000010f6  TLV_DCO_30_TAG          
000010f7  TLV_DCO_30_LEN          
000010f8  CALDCO_16MHZ            
000010f9  CALBC1_16MHZ            
000010fa  CALDCO_12MHZ            
000010fb  CALBC1_12MHZ            
000010fc  CALDCO_8MHZ             
000010fd  CALBC1_8MHZ             
000010fe  CALDCO_1MHZ             
000010ff  CALBC1_1MHZ             
0000c000  __mspabi_addd           
0000c2e8  __TI_frcmpyd            
0000c56e  __mspabi_mpyd           
0000c7dc  __TI_frcaddd            
0000ca3c  main                    
0000cc80  __TI_renormd            
0000cd3e  __mspabi_fltlid         
0000cdea  Init_robot              
0000ce82  __TI_decompress_lzss    
0000cefe  detect                  
0000cf7a  __mspabi_fixdul         
0000cfee  Set_vitesse             
0000d05c  _auto_init              
0000d0ca  Set_Direction           
0000d126  __mspabi_srll_15        
0000d12c  __mspabi_srll_14        
0000d132  __mspabi_srll_13        
0000d138  __mspabi_srll_12        
0000d13e  __mspabi_srll_11        
0000d144  __mspabi_srll_10        
0000d14a  __mspabi_srll_9         
0000d150  __mspabi_srll_8         
0000d156  __mspabi_srll_7         
0000d15c  __mspabi_srll_6         
0000d162  __mspabi_srll_5         
0000d168  __mspabi_srll_4         
0000d16e  __mspabi_srll_3         
0000d174  __mspabi_srll_2         
0000d17a  __mspabi_srll_1         
0000d182  copy_in                 
0000d1dc  __mspabi_srli           
0000d1ea  __mspabi_srli_15        
0000d1ee  __mspabi_srli_14        
0000d1f2  __mspabi_srli_13        
0000d1f6  __mspabi_srli_12        
0000d1fa  __mspabi_srli_11        
0000d1fe  __mspabi_srli_10        
0000d202  __mspabi_srli_9         
0000d206  __mspabi_srli_8         
0000d20a  __mspabi_srli_7         
0000d20e  __mspabi_srli_6         
0000d212  __mspabi_srli_5         
0000d216  __mspabi_srli_4         
0000d21a  __mspabi_srli_3         
0000d21e  __mspabi_srli_2         
0000d222  __mspabi_srli_1         
0000d228  __mspabi_sral_15        
0000d22c  __mspabi_sral_14        
0000d230  __mspabi_sral_13        
0000d234  __mspabi_sral_12        
0000d238  __mspabi_sral_11        
0000d23c  __mspabi_sral_10        
0000d240  __mspabi_sral_9         
0000d244  __mspabi_sral_8         
0000d248  __mspabi_sral_7         
0000d24c  __mspabi_sral_6         
0000d250  __mspabi_sral_5         
0000d254  __mspabi_sral_4         
0000d258  __mspabi_sral_3         
0000d25c  __mspabi_sral_2         
0000d260  __mspabi_sral_1         
0000d266  __mspabi_slll_15        
0000d26a  __mspabi_slll_14        
0000d26e  __mspabi_slll_13        
0000d272  __mspabi_slll_12        
0000d276  __mspabi_slll_11        
0000d27a  __mspabi_slll_10        
0000d27e  __mspabi_slll_9         
0000d282  __mspabi_slll_8         
0000d286  __mspabi_slll_7         
0000d28a  __mspabi_slll_6         
0000d28e  __mspabi_slll_5         
0000d292  __mspabi_slll_4         
0000d296  __mspabi_slll_3         
0000d29a  __mspabi_slll_2         
0000d29e  __mspabi_slll_1         
0000d2a4  Equilibre               
0000d2e0  timer_test              
0000d31c  Interrupteur            
0000d350  Lecture_nbr_tour        
0000d382  __mspabi_subd           
0000d3b0  val_optocoupleur_Mot_1  
0000d3de  val_optocoupleur_Mot_2  
0000d40c  __mspabi_srai           
0000d418  __mspabi_srai_15        
0000d41a  __mspabi_srai_14        
0000d41c  __mspabi_srai_13        
0000d41e  __mspabi_srai_12        
0000d420  __mspabi_srai_11        
0000d422  __mspabi_srai_10        
0000d424  __mspabi_srai_9         
0000d426  __mspabi_srai_8         
0000d428  __mspabi_srai_7         
0000d42a  __mspabi_srai_6         
0000d42c  __mspabi_srai_5         
0000d42e  __mspabi_srai_4         
0000d430  __mspabi_srai_3         
0000d432  __mspabi_srai_2         
0000d434  __mspabi_srai_1         
0000d438  __mspabi_slli           
0000d444  __mspabi_slli_15        
0000d446  __mspabi_slli_14        
0000d448  __mspabi_slli_13        
0000d44a  __mspabi_slli_12        
0000d44c  __mspabi_slli_11        
0000d44e  __mspabi_slli_10        
0000d450  __mspabi_slli_9         
0000d452  __mspabi_slli_8         
0000d454  __mspabi_slli_7         
0000d456  __mspabi_slli_6         
0000d458  __mspabi_slli_5         
0000d45a  __mspabi_slli_4         
0000d45c  __mspabi_slli_3         
0000d45e  __mspabi_slli_2         
0000d460  __mspabi_slli_1         
0000d464  __mspabi_mpyl           
0000d464  __mspabi_mpyl_sw        
0000d48a  coupleA_compte          
0000d4a8  _c_int00_noargs_noexit  
0000d4c2  ADC_Demarrer_conversion 
0000d4d8  ADC_init                
0000d4ee  __mspabi_mpyi           
0000d4ee  __mspabi_mpyi_sw        
0000d502  __mspabi_fixdu          
0000d514  __TI_decompress_none    
0000d526  __mspabi_srll           
0000d538  memcpy                  
0000d54a  ADC_Lire_resultat       
0000d55a  __mspabi_sral           
0000d56a  __mspabi_slll           
0000d57a  __mspabi_func_epilog_7  
0000d57c  __mspabi_func_epilog_6  
0000d57e  __mspabi_func_epilog_5  
0000d580  __mspabi_func_epilog_4  
0000d582  __mspabi_func_epilog_3  
0000d584  __mspabi_func_epilog_2  
0000d586  __mspabi_func_epilog_1  
0000d58a  __mspabi_fltid          
0000d596  __TI_ISR_TRAP           
0000d59e  C$$EXIT                 
0000d59e  abort                   
0000d5a4  _system_pre_init        
0000d5a8  _system_post_cinit      
0000d5b2  __TI_Handler_Table_Base 
0000d5b6  __TI_CINIT_Base         
0000d5b6  __TI_Handler_Table_Limit
0000d5ba  __TI_CINIT_Limit        
0000ffe0  __TI_int00              
0000ffe4  __TI_int02              
0000ffe6  __TI_int03              
0000ffea  __TI_int05              
0000ffec  __TI_int06              
0000ffee  __TI_int07              
0000fff0  __TI_int08              
0000fff2  __TI_int09              
0000fff4  __TI_int10              
0000fff6  __TI_int11              
0000fff8  __TI_int12              
0000fffa  __TI_int13              
0000fffc  __TI_int14              
0000fffe  _reset_vector           
ffffffff  __TI_pprof_out_hndl     
ffffffff  __TI_prof_data_size     
ffffffff  __TI_prof_data_start    
ffffffff  __c_args__              
UNDEFED   __TI_BINIT_Base         
UNDEFED   __TI_BINIT_Limit        
UNDEFED   __TI_INITARRAY_Base     
UNDEFED   __TI_INITARRAY_Limit    

[285 symbols]
