******************************************************************************
                  MSP430 Linker PC v18.12.4                    
******************************************************************************
>> Linked Tue Mar 31 19:17:06 2020

OUTPUT FILE NAME:   <UART.out>
ENTRY POINT SYMBOL: "_c_int00_noargs"  address: 0000d884


MEMORY CONFIGURATION

         name            origin    length      used     unused   attr    fill
----------------------  --------  ---------  --------  --------  ----  --------
  SFR                   00000000   00000010  00000000  00000010  RWIX
  PERIPHERALS_8BIT      00000010   000000f0  00000000  000000f0  RWIX
  PERIPHERALS_16BIT     00000100   00000100  00000000  00000100  RWIX
  RAM                   00000200   00000200  00000080  00000180  RWIX
  INFOD                 00001000   00000040  00000000  00000040  RWIX
  INFOC                 00001040   00000040  00000000  00000040  RWIX
  INFOB                 00001080   00000040  00000000  00000040  RWIX
  INFOA                 000010c0   00000040  00000000  00000040  RWIX
  FLASH                 0000c000   00003fde  00001cf8  000022e6  RWIX
  BSLSIGNATURE          0000ffde   00000002  00000002  00000000  RWIX  ffff 
  INT00                 0000ffe0   00000002  00000002  00000000  RWIX
  INT01                 0000ffe2   00000002  00000000  00000002  RWIX
  INT02                 0000ffe4   00000002  00000002  00000000  RWIX
  INT03                 0000ffe6   00000002  00000002  00000000  RWIX
  INT04                 0000ffe8   00000002  00000000  00000002  RWIX
  INT05                 0000ffea   00000002  00000002  00000000  RWIX
  INT06                 0000ffec   00000002  00000002  00000000  RWIX
  INT07                 0000ffee   00000002  00000002  00000000  RWIX
  INT08                 0000fff0   00000002  00000002  00000000  RWIX
  INT09                 0000fff2   00000002  00000002  00000000  RWIX
  INT10                 0000fff4   00000002  00000002  00000000  RWIX
  INT11                 0000fff6   00000002  00000002  00000000  RWIX
  INT12                 0000fff8   00000002  00000002  00000000  RWIX
  INT13                 0000fffa   00000002  00000002  00000000  RWIX
  INT14                 0000fffc   00000002  00000002  00000000  RWIX
  RESET                 0000fffe   00000002  00000002  00000000  RWIX


SECTION ALLOCATION MAP

 output                                  attributes/
section   page    origin      length       input sections
--------  ----  ----------  ----------   ----------------
.data      0    00000200    0000001a     UNINITIALIZED
                  00000200    0000000c     Dplc.obj (.data)
                  0000020c    0000000a     main.obj (.data:test)
                  00000216    00000004     main.obj (.data)

.bss       0    0000021a    00000016     UNINITIALIZED
                  0000021a    0000000a     (.common:cmd)
                  00000224    00000004     (.common:infrarouge)
                  00000228    00000004     (.common:servomoteur)
                  0000022c    00000004     (.common:ultrason)

.stack     0    000003b0    00000050     UNINITIALIZED
                  000003b0    00000002     rts430_eabi.lib : boot.c.obj (.stack)
                  000003b2    0000004e     --HOLE--

.text      0    0000c000    00001a1a     
                  0000c000    000003fa     main.obj (.text:TXdata)
                  0000c3fa    000002fa     rts430_eabi.lib : addd.c.obj (.text:__mspabi_addd)
                  0000c6f4    00000286                     : frcmpyd.c.obj (.text:__TI_frcmpyd)
                  0000c97a    0000026e                     : mpyd.c.obj (.text:__mspabi_mpyd)
                  0000cbe8    00000260                     : frcaddd.c.obj (.text:__TI_frcaddd)
                  0000ce48    00000116                     : _printfi_min.c.obj (.text:_setfield)
                  0000cf5e    000000ec                     : _printfi_min.c.obj (.text:__TI_printfi_minimal)
                  0000d04a    000000ca                     : _printfi_min.c.obj (.text:_pproc_diouxp)
                  0000d114    000000be                     : renormd.c.obj (.text:__TI_renormd)
                  0000d1d2    000000ac                     : fltlid.c.obj (.text:__mspabi_fltlid)
                  0000d27e    00000094     Dplc.obj (.text:Init_robot)
                  0000d312    00000082     main.obj (.text:main)
                  0000d394    0000007c     rts430_eabi.lib : copy_decompress_lzss.c.obj (.text:decompress:lzss:__TI_decompress_lzss)
                  0000d410    00000074                     : fixdul.c.obj (.text:__mspabi_fixdul)
                  0000d484    0000006e     Dplc.obj (.text:Set_vitesse)
                  0000d4f2    0000005c     Dplc.obj (.text:Set_Direction)
                  0000d54e    0000005c     rts430_eabi.lib : lsr32.asm.obj (.text:l_lsr_const)
                  0000d5aa    0000004c                     : lsr16.asm.obj (.text)
                  0000d5f6    0000004a     main.obj (.text:USCI0RX_ISR)
                  0000d640    00000048     main.obj (.text:init_USCI)
                  0000d688    00000042     rts430_eabi.lib : autoinit.c.obj (.text:__TI_auto_init_nobinit_nopinit:__TI_auto_init_nobinit_nopinit)
                  0000d6ca    0000003e                     : asr32.asm.obj (.text:l_asr_const)
                  0000d708    0000003e                     : lsl32.asm.obj (.text:l_lsl_const)
                  0000d746    0000003c     main.obj (.text:InitUART)
                  0000d782    00000038     rts430_eabi.lib : sprintf.c.obj (.text:sprintf)
                  0000d7ba    0000002e                     : subd.c.obj (.text:__mspabi_subd)
                  0000d7e8    0000002c                     : asr16.asm.obj (.text)
                  0000d814    0000002c                     : lsl16.asm.obj (.text)
                  0000d840    00000026                     : mult32.asm.obj (.text)
                  0000d866    0000001e     Dplc.obj (.text:coupleA_compte)
                  0000d884    0000001c     rts430_eabi.lib : boot.c.obj (.text:_c_int00_noargs)
                  0000d8a0    0000001a                     : sprintf.c.obj (.text:_outs)
                  0000d8ba    0000001a                     : memccpy.c.obj (.text:memccpy)
                  0000d8d4    0000001a                     : strcat.c.obj (.text:strcat)
                  0000d8ee    00000016                     : div16u.asm.obj (.text)
                  0000d904    00000014                     : copy_zero_init.c.obj (.text:decompress:ZI:__TI_zero_init_nomemset:__TI_zero_init_nomemset)
                  0000d918    00000014                     : memset.c.obj (.text:memset)
                  0000d92c    00000014                     : mult16.asm.obj (.text)
                  0000d940    00000012     main.obj (.text:Send_char_SPI2)
                  0000d952    00000012     rts430_eabi.lib : fixdu.c.obj (.text:__mspabi_fixdu)
                  0000d964    00000012                     : sprintf.c.obj (.text:_outc)
                  0000d976    00000012                     : copy_decompress_none.c.obj (.text:decompress:none:__TI_decompress_none)
                  0000d988    00000012                     : lsr32.asm.obj (.text:l_lsr)
                  0000d99a    00000012                     : memcpy.c.obj (.text:memcpy)
                  0000d9ac    00000010                     : asr32.asm.obj (.text:l_asr)
                  0000d9bc    00000010                     : lsl32.asm.obj (.text:l_lsl)
                  0000d9cc    00000010                     : epilog.asm.obj (.text)
                  0000d9dc    00000010                     : strcpy.c.obj (.text:strcpy)
                  0000d9ec    0000000e                     : strlen.c.obj (.text:strlen)
                  0000d9fa    0000000c                     : fltid.c.obj (.text:__mspabi_fltid)
                  0000da06    00000008                     : isr_trap.asm.obj (.text:_isr:__TI_ISR_TRAP)
                  0000da0e    00000006                     : exit.c.obj (.text:abort)
                  0000da14    00000004                     : pre_init.c.obj (.text:_system_pre_init)
                  0000da18    00000002                     : startup.c.obj (.text:_system_post_cinit)

.const     0    0000da1a    000002be     
                  0000da1a    000002aa     main.obj (.const:.string)
                  0000dcc4    00000014     rts430_eabi.lib : _printfi_min.c.obj (.const:.string)

.cinit     0    0000dcd8    00000020     
                  0000dcd8    0000000d     (.cinit..data.load) [load image, compression = lzss]
                  0000dce5    00000001     --HOLE-- [fill = 0]
                  0000dce6    00000006     (__TI_handler_table)
                  0000dcec    00000004     (.cinit..bss.load) [load image, compression = zero_init]
                  0000dcf0    00000008     (__TI_cinit_table)

.binit     0    0000c000    00000000     

.init_array 
*          0    0000c000    00000000     UNINITIALIZED

TRAPINT    0    0000ffe0    00000002     
                  0000ffe0    00000002     rts430_eabi.lib : int00.asm.obj (.int00)

PORT1      0    0000ffe4    00000002     
                  0000ffe4    00000002     rts430_eabi.lib : int02.asm.obj (.int02)

PORT2      0    0000ffe6    00000002     
                  0000ffe6    00000002     Dplc.obj (.int03)

ADC10      0    0000ffea    00000002     
                  0000ffea    00000002     rts430_eabi.lib : int05.asm.obj (.int05)

USCIAB0TX 
*          0    0000ffec    00000002     
                  0000ffec    00000002     rts430_eabi.lib : int06.asm.obj (.int06)

USCIAB0RX 
*          0    0000ffee    00000002     
                  0000ffee    00000002     main.obj (.int07)

TIMER0_A1 
*          0    0000fff0    00000002     
                  0000fff0    00000002     rts430_eabi.lib : int08.asm.obj (.int08)

TIMER0_A0 
*          0    0000fff2    00000002     
                  0000fff2    00000002     rts430_eabi.lib : int09.asm.obj (.int09)

WDT        0    0000fff4    00000002     
                  0000fff4    00000002     rts430_eabi.lib : int10.asm.obj (.int10)

COMPARATORA 
*          0    0000fff6    00000002     
                  0000fff6    00000002     rts430_eabi.lib : int11.asm.obj (.int11)

TIMER1_A1 
*          0    0000fff8    00000002     
                  0000fff8    00000002     rts430_eabi.lib : int12.asm.obj (.int12)

TIMER1_A0 
*          0    0000fffa    00000002     
                  0000fffa    00000002     rts430_eabi.lib : int13.asm.obj (.int13)

NMI        0    0000fffc    00000002     
                  0000fffc    00000002     rts430_eabi.lib : int14.asm.obj (.int14)

.reset     0    0000fffe    00000002     
                  0000fffe    00000002     rts430_eabi.lib : boot.c.obj (.reset)

$fill000   0    0000ffde    00000002     
                  0000ffde    00000002     --HOLE-- [fill = ffff]

MODULE SUMMARY

       Module                       code   ro data   rw data
       ------                       ----   -------   -------
    .\
       main.obj                     1372   684       36     
       Dplc.obj                     380    2         12     
    +--+----------------------------+------+---------+---------+
       Total:                       1752   686       48     
                                                            
    C:\ti\ccs930\ccs\tools\compiler\ti-cgt-msp430_18.12.4.LTS\lib\rts430_eabi.lib
       addd.c.obj                   762    0         0      
       _printfi_min.c.obj           716    20        0      
       frcmpyd.c.obj                646    0         0      
       mpyd.c.obj                   622    0         0      
       frcaddd.c.obj                608    0         0      
       renormd.c.obj                190    0         0      
       fltlid.c.obj                 172    0         0      
       copy_decompress_lzss.c.obj   124    0         0      
       fixdul.c.obj                 116    0         0      
       lsr32.asm.obj                110    0         0      
       sprintf.c.obj                100    0         0      
       asr32.asm.obj                78     0         0      
       lsl32.asm.obj                78     0         0      
       lsr16.asm.obj                76     0         0      
       autoinit.c.obj               66     0         0      
       subd.c.obj                   46     0         0      
       asr16.asm.obj                44     0         0      
       lsl16.asm.obj                44     0         0      
       mult32.asm.obj               38     0         0      
       boot.c.obj                   28     2         0      
       memccpy.c.obj                26     0         0      
       strcat.c.obj                 26     0         0      
       div16u.asm.obj               22     0         0      
       copy_zero_init.c.obj         20     0         0      
       memset.c.obj                 20     0         0      
       mult16.asm.obj               20     0         0      
       copy_decompress_none.c.obj   18     0         0      
       fixdu.c.obj                  18     0         0      
       memcpy.c.obj                 18     0         0      
       epilog.asm.obj               16     0         0      
       strcpy.c.obj                 16     0         0      
       strlen.c.obj                 14     0         0      
       fltid.c.obj                  12     0         0      
       isr_trap.asm.obj             8      0         0      
       exit.c.obj                   6      0         0      
       pre_init.c.obj               4      0         0      
       int00.asm.obj                0      2         0      
       int02.asm.obj                0      2         0      
       int05.asm.obj                0      2         0      
       int06.asm.obj                0      2         0      
       int08.asm.obj                0      2         0      
       int09.asm.obj                0      2         0      
       int10.asm.obj                0      2         0      
       int11.asm.obj                0      2         0      
       int12.asm.obj                0      2         0      
       int13.asm.obj                0      2         0      
       int14.asm.obj                0      2         0      
       startup.c.obj                2      0         0      
    +--+----------------------------+------+---------+---------+
       Total:                       4930   44        0      
                                                            
       Stack:                       0      0         80     
       Linker Generated:            0      31        0      
    +--+----------------------------+------+---------+---------+
       Grand Total:                 6682   761       128    


LINKER GENERATED COPY TABLES

__TI_cinit_table @ 0000dcf0 records: 2, size/record: 4, table size: 8
	.data: load addr=0000dcd8, load size=0000000d bytes, run addr=00000200, run size=0000001a bytes, compression=lzss
	.bss: load addr=0000dcec, load size=00000004 bytes, run addr=0000021a, run size=00000016 bytes, compression=zero_init


LINKER GENERATED HANDLER TABLE

__TI_handler_table @ 0000dce6 records: 3, size/record: 2, table size: 6
	index: 0, handler: __TI_zero_init
	index: 1, handler: __TI_decompress_lzss
	index: 2, handler: __TI_decompress_none


GLOBAL SYMBOLS: SORTED ALPHABETICALLY BY Name 

address   name                          
-------   ----                          
0000004a  ADC10AE0                      
000001b0  ADC10CTL0                     
000001b2  ADC10CTL1                     
00000048  ADC10DTC0                     
00000049  ADC10DTC1                     
000001b4  ADC10MEM                      
000001bc  ADC10SA                       
00000057  BCSCTL1                       
00000058  BCSCTL2                       
00000053  BCSCTL3                       
0000da0e  C$$EXIT                       
00000059  CACTL1                        
0000005a  CACTL2                        
000010fb  CALBC1_12MHZ                  
000010f9  CALBC1_16MHZ                  
000010ff  CALBC1_1MHZ                   
000010fd  CALBC1_8MHZ                   
000010fa  CALDCO_12MHZ                  
000010f8  CALDCO_16MHZ                  
000010fe  CALDCO_1MHZ                   
000010fc  CALDCO_8MHZ                   
0000005b  CAPD                          
00000056  DCOCTL                        
00000128  FCTL1                         
0000012a  FCTL2                         
0000012c  FCTL3                         
00000204  FG                            
00000206  FG1                           
00000200  FLG1                          
00000202  FLG2                          
00000000  IE1                           
00000001  IE2                           
00000002  IFG1                          
00000003  IFG2                          
0000d746  InitUART                      
0000d27e  Init_robot                    
00000022  P1DIR                         
00000025  P1IE                          
00000024  P1IES                         
00000023  P1IFG                         
00000020  P1IN                          
00000021  P1OUT                         
00000027  P1REN                         
00000026  P1SEL                         
00000041  P1SEL2                        
0000002a  P2DIR                         
0000002d  P2IE                          
0000002c  P2IES                         
0000002b  P2IFG                         
00000028  P2IN                          
00000029  P2OUT                         
0000002f  P2REN                         
0000002e  P2SEL                         
00000042  P2SEL2                        
0000001a  P3DIR                         
00000018  P3IN                          
00000019  P3OUT                         
00000010  P3REN                         
0000001b  P3SEL                         
00000043  P3SEL2                        
0000d940  Send_char_SPI2                
0000d4f2  Set_Direction                 
0000d484  Set_vitesse                   
00000172  TA0CCR0                       
00000174  TA0CCR1                       
00000176  TA0CCR2                       
00000162  TA0CCTL0                      
00000164  TA0CCTL1                      
00000166  TA0CCTL2                      
00000160  TA0CTL                        
0000012e  TA0IV                         
00000170  TA0R                          
00000192  TA1CCR0                       
00000194  TA1CCR1                       
00000196  TA1CCR2                       
00000182  TA1CCTL0                      
00000184  TA1CCTL1                      
00000186  TA1CCTL2                      
00000180  TA1CTL                        
0000011e  TA1IV                         
00000190  TA1R                          
000010db  TLV_ADC10_1_LEN               
000010da  TLV_ADC10_1_TAG               
000010c0  TLV_CHECKSUM                  
000010f7  TLV_DCO_30_LEN                
000010f6  TLV_DCO_30_TAG                
0000c000  TXdata                        
0000005d  UCA0ABCTL                     
00000062  UCA0BR0                       
00000063  UCA0BR1                       
00000060  UCA0CTL0                      
00000061  UCA0CTL1                      
0000005f  UCA0IRRCTL                    
0000005e  UCA0IRTCTL                    
00000064  UCA0MCTL                      
00000066  UCA0RXBUF                     
00000065  UCA0STAT                      
00000067  UCA0TXBUF                     
0000006a  UCB0BR0                       
0000006b  UCB0BR1                       
00000068  UCB0CTL0                      
00000069  UCB0CTL1                      
0000006c  UCB0I2CIE                     
00000118  UCB0I2COA                     
0000011a  UCB0I2CSA                     
0000006e  UCB0RXBUF                     
0000006d  UCB0STAT                      
0000006f  UCB0TXBUF                     
0000d5f6  USCI0RX_ISR                   
00000120  WDTCTL                        
00000400  __STACK_END                   
00000050  __STACK_SIZE                  
0000dcf0  __TI_CINIT_Base               
0000dcf8  __TI_CINIT_Limit              
0000dce6  __TI_Handler_Table_Base       
0000dcec  __TI_Handler_Table_Limit      
0000da06  __TI_ISR_TRAP                 
0000d688  __TI_auto_init_nobinit_nopinit
0000d394  __TI_decompress_lzss          
0000d976  __TI_decompress_none          
0000cbe8  __TI_frcaddd                  
0000c6f4  __TI_frcmpyd                  
0000ffe0  __TI_int00                    
0000ffe4  __TI_int02                    
0000ffe6  __TI_int03                    
0000ffea  __TI_int05                    
0000ffec  __TI_int06                    
0000ffee  __TI_int07                    
0000fff0  __TI_int08                    
0000fff2  __TI_int09                    
0000fff4  __TI_int10                    
0000fff6  __TI_int11                    
0000fff8  __TI_int12                    
0000fffa  __TI_int13                    
0000fffc  __TI_int14                    
ffffffff  __TI_pprof_out_hndl           
0000cf5e  __TI_printfi_minimal          
ffffffff  __TI_prof_data_size           
ffffffff  __TI_prof_data_start          
0000d114  __TI_renormd                  
0000d904  __TI_zero_init_nomemset       
ffffffff  __c_args__                    
0000c3fa  __mspabi_addd                 
0000d8ee  __mspabi_divu                 
0000d952  __mspabi_fixdu                
0000d410  __mspabi_fixdul               
0000d9fa  __mspabi_fltid                
0000d1d2  __mspabi_fltlid               
0000d9d8  __mspabi_func_epilog_1        
0000d9d6  __mspabi_func_epilog_2        
0000d9d4  __mspabi_func_epilog_3        
0000d9d2  __mspabi_func_epilog_4        
0000d9d0  __mspabi_func_epilog_5        
0000d9ce  __mspabi_func_epilog_6        
0000d9cc  __mspabi_func_epilog_7        
0000c97a  __mspabi_mpyd                 
0000d92c  __mspabi_mpyi                 
0000d92c  __mspabi_mpyi_sw              
0000d840  __mspabi_mpyl                 
0000d840  __mspabi_mpyl_sw              
0000d8ee  __mspabi_remu                 
0000d814  __mspabi_slli                 
0000d83c  __mspabi_slli_1               
0000d82a  __mspabi_slli_10              
0000d828  __mspabi_slli_11              
0000d826  __mspabi_slli_12              
0000d824  __mspabi_slli_13              
0000d822  __mspabi_slli_14              
0000d820  __mspabi_slli_15              
0000d83a  __mspabi_slli_2               
0000d838  __mspabi_slli_3               
0000d836  __mspabi_slli_4               
0000d834  __mspabi_slli_5               
0000d832  __mspabi_slli_6               
0000d830  __mspabi_slli_7               
0000d82e  __mspabi_slli_8               
0000d82c  __mspabi_slli_9               
0000d9bc  __mspabi_slll                 
0000d740  __mspabi_slll_1               
0000d71c  __mspabi_slll_10              
0000d718  __mspabi_slll_11              
0000d714  __mspabi_slll_12              
0000d710  __mspabi_slll_13              
0000d70c  __mspabi_slll_14              
0000d708  __mspabi_slll_15              
0000d73c  __mspabi_slll_2               
0000d738  __mspabi_slll_3               
0000d734  __mspabi_slll_4               
0000d730  __mspabi_slll_5               
0000d72c  __mspabi_slll_6               
0000d728  __mspabi_slll_7               
0000d724  __mspabi_slll_8               
0000d720  __mspabi_slll_9               
0000d7e8  __mspabi_srai                 
0000d810  __mspabi_srai_1               
0000d7fe  __mspabi_srai_10              
0000d7fc  __mspabi_srai_11              
0000d7fa  __mspabi_srai_12              
0000d7f8  __mspabi_srai_13              
0000d7f6  __mspabi_srai_14              
0000d7f4  __mspabi_srai_15              
0000d80e  __mspabi_srai_2               
0000d80c  __mspabi_srai_3               
0000d80a  __mspabi_srai_4               
0000d808  __mspabi_srai_5               
0000d806  __mspabi_srai_6               
0000d804  __mspabi_srai_7               
0000d802  __mspabi_srai_8               
0000d800  __mspabi_srai_9               
0000d9ac  __mspabi_sral                 
0000d702  __mspabi_sral_1               
0000d6de  __mspabi_sral_10              
0000d6da  __mspabi_sral_11              
0000d6d6  __mspabi_sral_12              
0000d6d2  __mspabi_sral_13              
0000d6ce  __mspabi_sral_14              
0000d6ca  __mspabi_sral_15              
0000d6fe  __mspabi_sral_2               
0000d6fa  __mspabi_sral_3               
0000d6f6  __mspabi_sral_4               
0000d6f2  __mspabi_sral_5               
0000d6ee  __mspabi_sral_6               
0000d6ea  __mspabi_sral_7               
0000d6e6  __mspabi_sral_8               
0000d6e2  __mspabi_sral_9               
0000d5aa  __mspabi_srli                 
0000d5f0  __mspabi_srli_1               
0000d5cc  __mspabi_srli_10              
0000d5c8  __mspabi_srli_11              
0000d5c4  __mspabi_srli_12              
0000d5c0  __mspabi_srli_13              
0000d5bc  __mspabi_srli_14              
0000d5b8  __mspabi_srli_15              
0000d5ec  __mspabi_srli_2               
0000d5e8  __mspabi_srli_3               
0000d5e4  __mspabi_srli_4               
0000d5e0  __mspabi_srli_5               
0000d5dc  __mspabi_srli_6               
0000d5d8  __mspabi_srli_7               
0000d5d4  __mspabi_srli_8               
0000d5d0  __mspabi_srli_9               
0000d988  __mspabi_srll                 
0000d5a2  __mspabi_srll_1               
0000d56c  __mspabi_srll_10              
0000d566  __mspabi_srll_11              
0000d560  __mspabi_srll_12              
0000d55a  __mspabi_srll_13              
0000d554  __mspabi_srll_14              
0000d54e  __mspabi_srll_15              
0000d59c  __mspabi_srll_2               
0000d596  __mspabi_srll_3               
0000d590  __mspabi_srll_4               
0000d58a  __mspabi_srll_5               
0000d584  __mspabi_srll_6               
0000d57e  __mspabi_srll_7               
0000d578  __mspabi_srll_8               
0000d572  __mspabi_srll_9               
0000d7ba  __mspabi_subd                 
0000d884  _c_int00_noargs               
0000fffe  _reset_vector                 
000003b0  _stack                        
0000da18  _system_post_cinit            
0000da14  _system_pre_init              
0000da0e  abort                         
0000021a  cmd                           
00000216  cmd_spi                       
00000218  compteur                      
0000d866  coupleA_compte                
00000224  infrarouge                    
0000d640  init_USCI                     
0000d312  main                          
0000d8ba  memccpy                       
0000d99a  memcpy                        
0000d918  memset                        
00000228  servomoteur                   
0000d782  sprintf                       
0000d8d4  strcat                        
0000d9dc  strcpy                        
0000d9ec  strlen                        
0000020c  test                          
00000208  tour_bis                      
0000020a  tour_bis1                     
0000022c  ultrason                      


GLOBAL SYMBOLS: SORTED BY Symbol Address 

address   name                          
-------   ----                          
00000000  IE1                           
00000001  IE2                           
00000002  IFG1                          
00000003  IFG2                          
00000010  P3REN                         
00000018  P3IN                          
00000019  P3OUT                         
0000001a  P3DIR                         
0000001b  P3SEL                         
00000020  P1IN                          
00000021  P1OUT                         
00000022  P1DIR                         
00000023  P1IFG                         
00000024  P1IES                         
00000025  P1IE                          
00000026  P1SEL                         
00000027  P1REN                         
00000028  P2IN                          
00000029  P2OUT                         
0000002a  P2DIR                         
0000002b  P2IFG                         
0000002c  P2IES                         
0000002d  P2IE                          
0000002e  P2SEL                         
0000002f  P2REN                         
00000041  P1SEL2                        
00000042  P2SEL2                        
00000043  P3SEL2                        
00000048  ADC10DTC0                     
00000049  ADC10DTC1                     
0000004a  ADC10AE0                      
00000050  __STACK_SIZE                  
00000053  BCSCTL3                       
00000056  DCOCTL                        
00000057  BCSCTL1                       
00000058  BCSCTL2                       
00000059  CACTL1                        
0000005a  CACTL2                        
0000005b  CAPD                          
0000005d  UCA0ABCTL                     
0000005e  UCA0IRTCTL                    
0000005f  UCA0IRRCTL                    
00000060  UCA0CTL0                      
00000061  UCA0CTL1                      
00000062  UCA0BR0                       
00000063  UCA0BR1                       
00000064  UCA0MCTL                      
00000065  UCA0STAT                      
00000066  UCA0RXBUF                     
00000067  UCA0TXBUF                     
00000068  UCB0CTL0                      
00000069  UCB0CTL1                      
0000006a  UCB0BR0                       
0000006b  UCB0BR1                       
0000006c  UCB0I2CIE                     
0000006d  UCB0STAT                      
0000006e  UCB0RXBUF                     
0000006f  UCB0TXBUF                     
00000118  UCB0I2COA                     
0000011a  UCB0I2CSA                     
0000011e  TA1IV                         
00000120  WDTCTL                        
00000128  FCTL1                         
0000012a  FCTL2                         
0000012c  FCTL3                         
0000012e  TA0IV                         
00000160  TA0CTL                        
00000162  TA0CCTL0                      
00000164  TA0CCTL1                      
00000166  TA0CCTL2                      
00000170  TA0R                          
00000172  TA0CCR0                       
00000174  TA0CCR1                       
00000176  TA0CCR2                       
00000180  TA1CTL                        
00000182  TA1CCTL0                      
00000184  TA1CCTL1                      
00000186  TA1CCTL2                      
00000190  TA1R                          
00000192  TA1CCR0                       
00000194  TA1CCR1                       
00000196  TA1CCR2                       
000001b0  ADC10CTL0                     
000001b2  ADC10CTL1                     
000001b4  ADC10MEM                      
000001bc  ADC10SA                       
00000200  FLG1                          
00000202  FLG2                          
00000204  FG                            
00000206  FG1                           
00000208  tour_bis                      
0000020a  tour_bis1                     
0000020c  test                          
00000216  cmd_spi                       
00000218  compteur                      
0000021a  cmd                           
00000224  infrarouge                    
00000228  servomoteur                   
0000022c  ultrason                      
000003b0  _stack                        
00000400  __STACK_END                   
000010c0  TLV_CHECKSUM                  
000010da  TLV_ADC10_1_TAG               
000010db  TLV_ADC10_1_LEN               
000010f6  TLV_DCO_30_TAG                
000010f7  TLV_DCO_30_LEN                
000010f8  CALDCO_16MHZ                  
000010f9  CALBC1_16MHZ                  
000010fa  CALDCO_12MHZ                  
000010fb  CALBC1_12MHZ                  
000010fc  CALDCO_8MHZ                   
000010fd  CALBC1_8MHZ                   
000010fe  CALDCO_1MHZ                   
000010ff  CALBC1_1MHZ                   
0000c000  TXdata                        
0000c3fa  __mspabi_addd                 
0000c6f4  __TI_frcmpyd                  
0000c97a  __mspabi_mpyd                 
0000cbe8  __TI_frcaddd                  
0000cf5e  __TI_printfi_minimal          
0000d114  __TI_renormd                  
0000d1d2  __mspabi_fltlid               
0000d27e  Init_robot                    
0000d312  main                          
0000d394  __TI_decompress_lzss          
0000d410  __mspabi_fixdul               
0000d484  Set_vitesse                   
0000d4f2  Set_Direction                 
0000d54e  __mspabi_srll_15              
0000d554  __mspabi_srll_14              
0000d55a  __mspabi_srll_13              
0000d560  __mspabi_srll_12              
0000d566  __mspabi_srll_11              
0000d56c  __mspabi_srll_10              
0000d572  __mspabi_srll_9               
0000d578  __mspabi_srll_8               
0000d57e  __mspabi_srll_7               
0000d584  __mspabi_srll_6               
0000d58a  __mspabi_srll_5               
0000d590  __mspabi_srll_4               
0000d596  __mspabi_srll_3               
0000d59c  __mspabi_srll_2               
0000d5a2  __mspabi_srll_1               
0000d5aa  __mspabi_srli                 
0000d5b8  __mspabi_srli_15              
0000d5bc  __mspabi_srli_14              
0000d5c0  __mspabi_srli_13              
0000d5c4  __mspabi_srli_12              
0000d5c8  __mspabi_srli_11              
0000d5cc  __mspabi_srli_10              
0000d5d0  __mspabi_srli_9               
0000d5d4  __mspabi_srli_8               
0000d5d8  __mspabi_srli_7               
0000d5dc  __mspabi_srli_6               
0000d5e0  __mspabi_srli_5               
0000d5e4  __mspabi_srli_4               
0000d5e8  __mspabi_srli_3               
0000d5ec  __mspabi_srli_2               
0000d5f0  __mspabi_srli_1               
0000d5f6  USCI0RX_ISR                   
0000d640  init_USCI                     
0000d688  __TI_auto_init_nobinit_nopinit
0000d6ca  __mspabi_sral_15              
0000d6ce  __mspabi_sral_14              
0000d6d2  __mspabi_sral_13              
0000d6d6  __mspabi_sral_12              
0000d6da  __mspabi_sral_11              
0000d6de  __mspabi_sral_10              
0000d6e2  __mspabi_sral_9               
0000d6e6  __mspabi_sral_8               
0000d6ea  __mspabi_sral_7               
0000d6ee  __mspabi_sral_6               
0000d6f2  __mspabi_sral_5               
0000d6f6  __mspabi_sral_4               
0000d6fa  __mspabi_sral_3               
0000d6fe  __mspabi_sral_2               
0000d702  __mspabi_sral_1               
0000d708  __mspabi_slll_15              
0000d70c  __mspabi_slll_14              
0000d710  __mspabi_slll_13              
0000d714  __mspabi_slll_12              
0000d718  __mspabi_slll_11              
0000d71c  __mspabi_slll_10              
0000d720  __mspabi_slll_9               
0000d724  __mspabi_slll_8               
0000d728  __mspabi_slll_7               
0000d72c  __mspabi_slll_6               
0000d730  __mspabi_slll_5               
0000d734  __mspabi_slll_4               
0000d738  __mspabi_slll_3               
0000d73c  __mspabi_slll_2               
0000d740  __mspabi_slll_1               
0000d746  InitUART                      
0000d782  sprintf                       
0000d7ba  __mspabi_subd                 
0000d7e8  __mspabi_srai                 
0000d7f4  __mspabi_srai_15              
0000d7f6  __mspabi_srai_14              
0000d7f8  __mspabi_srai_13              
0000d7fa  __mspabi_srai_12              
0000d7fc  __mspabi_srai_11              
0000d7fe  __mspabi_srai_10              
0000d800  __mspabi_srai_9               
0000d802  __mspabi_srai_8               
0000d804  __mspabi_srai_7               
0000d806  __mspabi_srai_6               
0000d808  __mspabi_srai_5               
0000d80a  __mspabi_srai_4               
0000d80c  __mspabi_srai_3               
0000d80e  __mspabi_srai_2               
0000d810  __mspabi_srai_1               
0000d814  __mspabi_slli                 
0000d820  __mspabi_slli_15              
0000d822  __mspabi_slli_14              
0000d824  __mspabi_slli_13              
0000d826  __mspabi_slli_12              
0000d828  __mspabi_slli_11              
0000d82a  __mspabi_slli_10              
0000d82c  __mspabi_slli_9               
0000d82e  __mspabi_slli_8               
0000d830  __mspabi_slli_7               
0000d832  __mspabi_slli_6               
0000d834  __mspabi_slli_5               
0000d836  __mspabi_slli_4               
0000d838  __mspabi_slli_3               
0000d83a  __mspabi_slli_2               
0000d83c  __mspabi_slli_1               
0000d840  __mspabi_mpyl                 
0000d840  __mspabi_mpyl_sw              
0000d866  coupleA_compte                
0000d884  _c_int00_noargs               
0000d8ba  memccpy                       
0000d8d4  strcat                        
0000d8ee  __mspabi_divu                 
0000d8ee  __mspabi_remu                 
0000d904  __TI_zero_init_nomemset       
0000d918  memset                        
0000d92c  __mspabi_mpyi                 
0000d92c  __mspabi_mpyi_sw              
0000d940  Send_char_SPI2                
0000d952  __mspabi_fixdu                
0000d976  __TI_decompress_none          
0000d988  __mspabi_srll                 
0000d99a  memcpy                        
0000d9ac  __mspabi_sral                 
0000d9bc  __mspabi_slll                 
0000d9cc  __mspabi_func_epilog_7        
0000d9ce  __mspabi_func_epilog_6        
0000d9d0  __mspabi_func_epilog_5        
0000d9d2  __mspabi_func_epilog_4        
0000d9d4  __mspabi_func_epilog_3        
0000d9d6  __mspabi_func_epilog_2        
0000d9d8  __mspabi_func_epilog_1        
0000d9dc  strcpy                        
0000d9ec  strlen                        
0000d9fa  __mspabi_fltid                
0000da06  __TI_ISR_TRAP                 
0000da0e  C$$EXIT                       
0000da0e  abort                         
0000da14  _system_pre_init              
0000da18  _system_post_cinit            
0000dce6  __TI_Handler_Table_Base       
0000dcec  __TI_Handler_Table_Limit      
0000dcf0  __TI_CINIT_Base               
0000dcf8  __TI_CINIT_Limit              
0000ffe0  __TI_int00                    
0000ffe4  __TI_int02                    
0000ffe6  __TI_int03                    
0000ffea  __TI_int05                    
0000ffec  __TI_int06                    
0000ffee  __TI_int07                    
0000fff0  __TI_int08                    
0000fff2  __TI_int09                    
0000fff4  __TI_int10                    
0000fff6  __TI_int11                    
0000fff8  __TI_int12                    
0000fffa  __TI_int13                    
0000fffc  __TI_int14                    
0000fffe  _reset_vector                 
ffffffff  __TI_pprof_out_hndl           
ffffffff  __TI_prof_data_size           
ffffffff  __TI_prof_data_start          
ffffffff  __c_args__                    

[283 symbols]
