******************************************************************************
                  MSP430 Linker PC v16.9.6                     
******************************************************************************
>> Linked Sat Mar 28 18:28:56 2020

OUTPUT FILE NAME:   <UART.out>
ENTRY POINT SYMBOL: "_c_int00_noargs_noexit"  address: 0000d85a


MEMORY CONFIGURATION

         name            origin    length      used     unused   attr    fill
----------------------  --------  ---------  --------  --------  ----  --------
  SFR                   00000000   00000010  00000000  00000010  RWIX
  PERIPHERALS_8BIT      00000010   000000f0  00000000  000000f0  RWIX
  PERIPHERALS_16BIT     00000100   00000100  00000000  00000100  RWIX
  RAM                   00000200   00000200  00000068  00000198  RWIX
  INFOD                 00001000   00000040  00000000  00000040  RWIX
  INFOC                 00001040   00000040  00000000  00000040  RWIX
  INFOB                 00001080   00000040  00000000  00000040  RWIX
  INFOA                 000010c0   00000040  00000000  00000040  RWIX
  FLASH                 0000c000   00003fde  00001cb4  0000232a  RWIX
  BSLSIGNATURE          0000ffde   00000002  00000002  00000000  RWIX  ffff 
  INT00                 0000ffe0   00000002  00000002  00000000  RWIX
  INT01                 0000ffe2   00000002  00000000  00000002  RWIX
  INT02                 0000ffe4   00000002  00000002  00000000  RWIX
  INT03                 0000ffe6   00000002  00000002  00000000  RWIX
  INT04                 0000ffe8   00000002  00000000  00000002  RWIX
  INT05                 0000ffea   00000002  00000002  00000000  RWIX
  INT06                 0000ffec   00000002  00000002  00000000  RWIX
  INT07                 0000ffee   00000002  00000002  00000000  RWIX
  INT08                 0000fff0   00000002  00000002  00000000  RWIX
  INT09                 0000fff2   00000002  00000002  00000000  RWIX
  INT10                 0000fff4   00000002  00000002  00000000  RWIX
  INT11                 0000fff6   00000002  00000002  00000000  RWIX
  INT12                 0000fff8   00000002  00000002  00000000  RWIX
  INT13                 0000fffa   00000002  00000002  00000000  RWIX
  INT14                 0000fffc   00000002  00000002  00000000  RWIX
  RESET                 0000fffe   00000002  00000002  00000000  RWIX


SECTION ALLOCATION MAP

 output                                  attributes/
section   page    origin      length       input sections
--------  ----  ----------  ----------   ----------------
.bss       0    00000200    0000000c     UNINITIALIZED
                  00000200    00000004     (.common:infrarouge)
                  00000204    00000004     (.common:servomoteur)
                  00000208    00000004     (.common:ultrason)

.data      0    0000020c    0000000c     UNINITIALIZED
                  0000020c    0000000c     Dplc.obj (.data)

.stack     0    000003b0    00000050     UNINITIALIZED
                  000003b0    00000002     rts430_eabi.lib : boot.obj (.stack)
                  000003b2    0000004e     --HOLE--

.text      0    0000c000    000019dc     
                  0000c000    000003f2     main.obj (.text:TXdata)
                  0000c3f2    000002e8     rts430_eabi.lib : addd.obj (.text:__mspabi_addd)
                  0000c6da    00000286                     : frcmpyd.obj (.text:__TI_frcmpyd)
                  0000c960    0000026e                     : mpyd.obj (.text:__mspabi_mpyd)
                  0000cbce    00000260                     : frcaddd.obj (.text:__TI_frcaddd)
                  0000ce2e    00000116                     : _printfi_min.obj (.text:_setfield)
                  0000cf44    000000e6                     : _printfi_min.obj (.text:__TI_printfi_minimal)
                  0000d02a    000000ca                     : _printfi_min.obj (.text:_pproc_diouxp)
                  0000d0f4    000000be                     : renormd.obj (.text:__TI_renormd)
                  0000d1b2    000000ac                     : fltlid.obj (.text:__mspabi_fltlid)
                  0000d25e    00000094     Dplc.obj (.text:Init_robot)
                  0000d2f2    0000007c     rts430_eabi.lib : copy_decompress_lzss.obj (.text:decompress:lzss:__TI_decompress_lzss)
                  0000d36e    00000074                     : fixdul.obj (.text:__mspabi_fixdul)
                  0000d3e2    0000006e     Dplc.obj (.text:Set_vitesse)
                  0000d450    0000006e     rts430_eabi.lib : autoinit.obj (.text:_auto_init)
                  0000d4be    00000066     main.obj (.text:main)
                  0000d524    0000005c     Dplc.obj (.text:Set_Direction)
                  0000d580    0000005c     rts430_eabi.lib : lsr32.obj (.text:l_lsr_const)
                  0000d5dc    0000005a                     : cpy_tbl.obj (.text:copy_in)
                  0000d636    0000004c                     : lsr16.obj (.text)
                  0000d682    0000003e                     : asr32.obj (.text:l_asr_const)
                  0000d6c0    0000003e                     : lsl32.obj (.text:l_lsl_const)
                  0000d6fe    0000003c     main.obj (.text:InitUART)
                  0000d73a    00000038     rts430_eabi.lib : sprintf.obj (.text:sprintf)
                  0000d772    0000002e                     : subd.obj (.text:__mspabi_subd)
                  0000d7a0    0000002c                     : asr16.obj (.text)
                  0000d7cc    0000002c                     : lsl16.obj (.text)
                  0000d7f8    00000026                     : mult32.obj (.text)
                  0000d81e    0000001e     main.obj (.text:USCI0RX_ISR)
                  0000d83c    0000001e     Dplc.obj (.text:coupleA_compte)
                  0000d85a    0000001a     rts430_eabi.lib : boot_special.obj (.text:_c_int00_noargs_noexit)
                  0000d874    0000001a                     : sprintf.obj (.text:_outs)
                  0000d88e    0000001a                     : memccpy.obj (.text:memccpy)
                  0000d8a8    0000001a                     : strcat.obj (.text:strcat)
                  0000d8c2    00000016                     : div16u.obj (.text)
                  0000d8d8    00000014                     : copy_zero_init.obj (.text:decompress:ZI:__TI_zero_init)
                  0000d8ec    00000014                     : memset.obj (.text:memset)
                  0000d900    00000014                     : mult16.obj (.text)
                  0000d914    00000012                     : fixdu.obj (.text:__mspabi_fixdu)
                  0000d926    00000012                     : sprintf.obj (.text:_outc)
                  0000d938    00000012                     : copy_decompress_none.obj (.text:decompress:none:__TI_decompress_none)
                  0000d94a    00000012                     : lsr32.obj (.text:l_lsr)
                  0000d95c    00000012                     : memcpy.obj (.text:memcpy)
                  0000d96e    00000010                     : asr32.obj (.text:l_asr)
                  0000d97e    00000010                     : lsl32.obj (.text:l_lsl)
                  0000d98e    00000010                     : epilog.obj (.text)
                  0000d99e    00000010                     : strcpy.obj (.text:strcpy)
                  0000d9ae    0000000e                     : strlen.obj (.text:strlen)
                  0000d9bc    0000000c                     : fltid.obj (.text:__mspabi_fltid)
                  0000d9c8    00000008                     : isr_trap.obj (.text:_isr:__TI_ISR_TRAP)
                  0000d9d0    00000006                     : exit.obj (.text:abort)
                  0000d9d6    00000004                     : pre_init.obj (.text:_system_pre_init)
                  0000d9da    00000002                     : startup.obj (.text:_system_post_cinit)

.binit     0    0000c000    00000000     

.const     0    0000d9dc    000002be     
                  0000d9dc    000002aa     main.obj (.const:.string)
                  0000dc86    00000014     rts430_eabi.lib : _printfi_min.obj (.const:.string)

.cinit     0    0000dc9a    0000001a     
                  0000dc9a    00000007     (.cinit..data.load) [load image, compression = lzss]
                  0000dca1    00000001     --HOLE-- [fill = 0]
                  0000dca2    00000006     (__TI_handler_table)
                  0000dca8    00000004     (.cinit..bss.load) [load image, compression = zero_init]
                  0000dcac    00000008     (__TI_cinit_table)

.init_array 
*          0    0000c000    00000000     UNINITIALIZED

TRAPINT    0    0000ffe0    00000002     
                  0000ffe0    00000002     rts430_eabi.lib : int00.obj (.int00)

PORT1      0    0000ffe4    00000002     
                  0000ffe4    00000002     rts430_eabi.lib : int02.obj (.int02)

PORT2      0    0000ffe6    00000002     
                  0000ffe6    00000002     Dplc.obj (.int03)

$fill000   0    0000ffde    00000002     
                  0000ffde    00000002     --HOLE-- [fill = ffff]

ADC10      0    0000ffea    00000002     
                  0000ffea    00000002     rts430_eabi.lib : int05.obj (.int05)

USCIAB0TX 
*          0    0000ffec    00000002     
                  0000ffec    00000002     rts430_eabi.lib : int06.obj (.int06)

USCIAB0RX 
*          0    0000ffee    00000002     
                  0000ffee    00000002     main.obj (.int07)

TIMER0_A1 
*          0    0000fff0    00000002     
                  0000fff0    00000002     rts430_eabi.lib : int08.obj (.int08)

TIMER0_A0 
*          0    0000fff2    00000002     
                  0000fff2    00000002     rts430_eabi.lib : int09.obj (.int09)

WDT        0    0000fff4    00000002     
                  0000fff4    00000002     rts430_eabi.lib : int10.obj (.int10)

COMPARATORA 
*          0    0000fff6    00000002     
                  0000fff6    00000002     rts430_eabi.lib : int11.obj (.int11)

TIMER1_A1 
*          0    0000fff8    00000002     
                  0000fff8    00000002     rts430_eabi.lib : int12.obj (.int12)

TIMER1_A0 
*          0    0000fffa    00000002     
                  0000fffa    00000002     rts430_eabi.lib : int13.obj (.int13)

NMI        0    0000fffc    00000002     
                  0000fffc    00000002     rts430_eabi.lib : int14.obj (.int14)

.reset     0    0000fffe    00000002     
                  0000fffe    00000002     rts430_eabi.lib : boot.obj (.reset)

MODULE SUMMARY

       Module                     code   ro data   rw data
       ------                     ----   -------   -------
    .\
       main.obj                   1202   684       12     
       Dplc.obj                   380    2         12     
    +--+--------------------------+------+---------+---------+
       Total:                     1582   686       24     
                                                          
    C:\ti\ccsv7\tools\compiler\ti-cgt-msp430_16.9.6.LTS\lib\rts430_eabi.lib
       addd.obj                   744    0         0      
       _printfi_min.obj           710    20        0      
       frcmpyd.obj                646    0         0      
       mpyd.obj                   622    0         0      
       frcaddd.obj                608    0         0      
       renormd.obj                190    0         0      
       fltlid.obj                 172    0         0      
       copy_decompress_lzss.obj   124    0         0      
       fixdul.obj                 116    0         0      
       autoinit.obj               110    0         0      
       lsr32.obj                  110    0         0      
       sprintf.obj                100    0         0      
       cpy_tbl.obj                90     0         0      
       asr32.obj                  78     0         0      
       lsl32.obj                  78     0         0      
       lsr16.obj                  76     0         0      
       subd.obj                   46     0         0      
       asr16.obj                  44     0         0      
       lsl16.obj                  44     0         0      
       mult32.obj                 38     0         0      
       boot_special.obj           26     0         0      
       memccpy.obj                26     0         0      
       strcat.obj                 26     0         0      
       div16u.obj                 22     0         0      
       copy_zero_init.obj         20     0         0      
       memset.obj                 20     0         0      
       mult16.obj                 20     0         0      
       copy_decompress_none.obj   18     0         0      
       fixdu.obj                  18     0         0      
       memcpy.obj                 18     0         0      
       epilog.obj                 16     0         0      
       strcpy.obj                 16     0         0      
       strlen.obj                 14     0         0      
       fltid.obj                  12     0         0      
       isr_trap.obj               8      0         0      
       exit.obj                   6      0         0      
       pre_init.obj               4      0         0      
       boot.obj                   0      2         0      
       int00.obj                  0      2         0      
       int02.obj                  0      2         0      
       int05.obj                  0      2         0      
       int06.obj                  0      2         0      
       int08.obj                  0      2         0      
       int09.obj                  0      2         0      
       int10.obj                  0      2         0      
       int11.obj                  0      2         0      
       int12.obj                  0      2         0      
       int13.obj                  0      2         0      
       int14.obj                  0      2         0      
       startup.obj                2      0         0      
    +--+--------------------------+------+---------+---------+
       Total:                     5038   44        0      
                                                          
       Stack:                     0      0         80     
       Linker Generated:          0      25        0      
    +--+--------------------------+------+---------+---------+
       Grand Total:               6620   755       104    


LINKER GENERATED COPY TABLES

__TI_cinit_table @ 0000dcac records: 2, size/record: 4, table size: 8
	.data: load addr=0000dc9a, load size=00000007 bytes, run addr=0000020c, run size=0000000c bytes, compression=lzss
	.bss: load addr=0000dca8, load size=00000004 bytes, run addr=00000200, run size=0000000c bytes, compression=zero_init


LINKER GENERATED HANDLER TABLE

__TI_handler_table @ 0000dca2 records: 3, size/record: 2, table size: 6
	index: 0, handler: __TI_zero_init
	index: 1, handler: __TI_decompress_lzss
	index: 2, handler: __TI_decompress_none


GLOBAL SYMBOLS: SORTED ALPHABETICALLY BY Name 

address   name                    
-------   ----                    
0000004a  ADC10AE0                
000001b0  ADC10CTL0               
000001b2  ADC10CTL1               
00000048  ADC10DTC0               
00000049  ADC10DTC1               
000001b4  ADC10MEM                
000001bc  ADC10SA                 
00000057  BCSCTL1                 
00000058  BCSCTL2                 
00000053  BCSCTL3                 
0000d9d0  C$$EXIT                 
00000059  CACTL1                  
0000005a  CACTL2                  
000010fb  CALBC1_12MHZ            
000010f9  CALBC1_16MHZ            
000010ff  CALBC1_1MHZ             
000010fd  CALBC1_8MHZ             
000010fa  CALDCO_12MHZ            
000010f8  CALDCO_16MHZ            
000010fe  CALDCO_1MHZ             
000010fc  CALDCO_8MHZ             
0000005b  CAPD                    
00000056  DCOCTL                  
00000128  FCTL1                   
0000012a  FCTL2                   
0000012c  FCTL3                   
00000210  FG                      
00000212  FG1                     
0000020c  FLG1                    
0000020e  FLG2                    
00000000  IE1                     
00000001  IE2                     
00000002  IFG1                    
00000003  IFG2                    
0000d6fe  InitUART                
0000d25e  Init_robot              
00000022  P1DIR                   
00000025  P1IE                    
00000024  P1IES                   
00000023  P1IFG                   
00000020  P1IN                    
00000021  P1OUT                   
00000027  P1REN                   
00000026  P1SEL                   
00000041  P1SEL2                  
0000002a  P2DIR                   
0000002d  P2IE                    
0000002c  P2IES                   
0000002b  P2IFG                   
00000028  P2IN                    
00000029  P2OUT                   
0000002f  P2REN                   
0000002e  P2SEL                   
00000042  P2SEL2                  
0000001a  P3DIR                   
00000018  P3IN                    
00000019  P3OUT                   
00000010  P3REN                   
0000001b  P3SEL                   
00000043  P3SEL2                  
0000d524  Set_Direction           
0000d3e2  Set_vitesse             
00000172  TA0CCR0                 
00000174  TA0CCR1                 
00000176  TA0CCR2                 
00000162  TA0CCTL0                
00000164  TA0CCTL1                
00000166  TA0CCTL2                
00000160  TA0CTL                  
0000012e  TA0IV                   
00000170  TA0R                    
00000192  TA1CCR0                 
00000194  TA1CCR1                 
00000196  TA1CCR2                 
00000182  TA1CCTL0                
00000184  TA1CCTL1                
00000186  TA1CCTL2                
00000180  TA1CTL                  
0000011e  TA1IV                   
00000190  TA1R                    
000010db  TLV_ADC10_1_LEN         
000010da  TLV_ADC10_1_TAG         
000010c0  TLV_CHECKSUM            
000010f7  TLV_DCO_30_LEN          
000010f6  TLV_DCO_30_TAG          
0000c000  TXdata                  
0000005d  UCA0ABCTL               
00000062  UCA0BR0                 
00000063  UCA0BR1                 
00000060  UCA0CTL0                
00000061  UCA0CTL1                
0000005f  UCA0IRRCTL              
0000005e  UCA0IRTCTL              
00000064  UCA0MCTL                
00000066  UCA0RXBUF               
00000065  UCA0STAT                
00000067  UCA0TXBUF               
0000006a  UCB0BR0                 
0000006b  UCB0BR1                 
00000068  UCB0CTL0                
00000069  UCB0CTL1                
0000006c  UCB0I2CIE               
00000118  UCB0I2COA               
0000011a  UCB0I2CSA               
0000006e  UCB0RXBUF               
0000006d  UCB0STAT                
0000006f  UCB0TXBUF               
0000d81e  USCI0RX_ISR             
00000120  WDTCTL                  
00000400  __STACK_END             
00000050  __STACK_SIZE            
UNDEFED   __TI_BINIT_Base         
UNDEFED   __TI_BINIT_Limit        
0000dcac  __TI_CINIT_Base         
0000dcb4  __TI_CINIT_Limit        
0000dca2  __TI_Handler_Table_Base 
0000dca8  __TI_Handler_Table_Limit
UNDEFED   __TI_INITARRAY_Base     
UNDEFED   __TI_INITARRAY_Limit    
0000d9c8  __TI_ISR_TRAP           
0000d2f2  __TI_decompress_lzss    
0000d938  __TI_decompress_none    
0000cbce  __TI_frcaddd            
0000c6da  __TI_frcmpyd            
0000ffe0  __TI_int00              
0000ffe4  __TI_int02              
0000ffe6  __TI_int03              
0000ffea  __TI_int05              
0000ffec  __TI_int06              
0000ffee  __TI_int07              
0000fff0  __TI_int08              
0000fff2  __TI_int09              
0000fff4  __TI_int10              
0000fff6  __TI_int11              
0000fff8  __TI_int12              
0000fffa  __TI_int13              
0000fffc  __TI_int14              
ffffffff  __TI_pprof_out_hndl     
0000cf44  __TI_printfi_minimal    
ffffffff  __TI_prof_data_size     
ffffffff  __TI_prof_data_start    
0000d0f4  __TI_renormd            
0000d8d8  __TI_zero_init          
ffffffff  __c_args__              
0000c3f2  __mspabi_addd           
0000d8c2  __mspabi_divu           
0000d914  __mspabi_fixdu          
0000d36e  __mspabi_fixdul         
0000d9bc  __mspabi_fltid          
0000d1b2  __mspabi_fltlid         
0000d99a  __mspabi_func_epilog_1  
0000d998  __mspabi_func_epilog_2  
0000d996  __mspabi_func_epilog_3  
0000d994  __mspabi_func_epilog_4  
0000d992  __mspabi_func_epilog_5  
0000d990  __mspabi_func_epilog_6  
0000d98e  __mspabi_func_epilog_7  
0000c960  __mspabi_mpyd           
0000d900  __mspabi_mpyi           
0000d900  __mspabi_mpyi_sw        
0000d7f8  __mspabi_mpyl           
0000d7f8  __mspabi_mpyl_sw        
0000d8c2  __mspabi_remu           
0000d7cc  __mspabi_slli           
0000d7f4  __mspabi_slli_1         
0000d7e2  __mspabi_slli_10        
0000d7e0  __mspabi_slli_11        
0000d7de  __mspabi_slli_12        
0000d7dc  __mspabi_slli_13        
0000d7da  __mspabi_slli_14        
0000d7d8  __mspabi_slli_15        
0000d7f2  __mspabi_slli_2         
0000d7f0  __mspabi_slli_3         
0000d7ee  __mspabi_slli_4         
0000d7ec  __mspabi_slli_5         
0000d7ea  __mspabi_slli_6         
0000d7e8  __mspabi_slli_7         
0000d7e6  __mspabi_slli_8         
0000d7e4  __mspabi_slli_9         
0000d97e  __mspabi_slll           
0000d6f8  __mspabi_slll_1         
0000d6d4  __mspabi_slll_10        
0000d6d0  __mspabi_slll_11        
0000d6cc  __mspabi_slll_12        
0000d6c8  __mspabi_slll_13        
0000d6c4  __mspabi_slll_14        
0000d6c0  __mspabi_slll_15        
0000d6f4  __mspabi_slll_2         
0000d6f0  __mspabi_slll_3         
0000d6ec  __mspabi_slll_4         
0000d6e8  __mspabi_slll_5         
0000d6e4  __mspabi_slll_6         
0000d6e0  __mspabi_slll_7         
0000d6dc  __mspabi_slll_8         
0000d6d8  __mspabi_slll_9         
0000d7a0  __mspabi_srai           
0000d7c8  __mspabi_srai_1         
0000d7b6  __mspabi_srai_10        
0000d7b4  __mspabi_srai_11        
0000d7b2  __mspabi_srai_12        
0000d7b0  __mspabi_srai_13        
0000d7ae  __mspabi_srai_14        
0000d7ac  __mspabi_srai_15        
0000d7c6  __mspabi_srai_2         
0000d7c4  __mspabi_srai_3         
0000d7c2  __mspabi_srai_4         
0000d7c0  __mspabi_srai_5         
0000d7be  __mspabi_srai_6         
0000d7bc  __mspabi_srai_7         
0000d7ba  __mspabi_srai_8         
0000d7b8  __mspabi_srai_9         
0000d96e  __mspabi_sral           
0000d6ba  __mspabi_sral_1         
0000d696  __mspabi_sral_10        
0000d692  __mspabi_sral_11        
0000d68e  __mspabi_sral_12        
0000d68a  __mspabi_sral_13        
0000d686  __mspabi_sral_14        
0000d682  __mspabi_sral_15        
0000d6b6  __mspabi_sral_2         
0000d6b2  __mspabi_sral_3         
0000d6ae  __mspabi_sral_4         
0000d6aa  __mspabi_sral_5         
0000d6a6  __mspabi_sral_6         
0000d6a2  __mspabi_sral_7         
0000d69e  __mspabi_sral_8         
0000d69a  __mspabi_sral_9         
0000d636  __mspabi_srli           
0000d67c  __mspabi_srli_1         
0000d658  __mspabi_srli_10        
0000d654  __mspabi_srli_11        
0000d650  __mspabi_srli_12        
0000d64c  __mspabi_srli_13        
0000d648  __mspabi_srli_14        
0000d644  __mspabi_srli_15        
0000d678  __mspabi_srli_2         
0000d674  __mspabi_srli_3         
0000d670  __mspabi_srli_4         
0000d66c  __mspabi_srli_5         
0000d668  __mspabi_srli_6         
0000d664  __mspabi_srli_7         
0000d660  __mspabi_srli_8         
0000d65c  __mspabi_srli_9         
0000d94a  __mspabi_srll           
0000d5d4  __mspabi_srll_1         
0000d59e  __mspabi_srll_10        
0000d598  __mspabi_srll_11        
0000d592  __mspabi_srll_12        
0000d58c  __mspabi_srll_13        
0000d586  __mspabi_srll_14        
0000d580  __mspabi_srll_15        
0000d5ce  __mspabi_srll_2         
0000d5c8  __mspabi_srll_3         
0000d5c2  __mspabi_srll_4         
0000d5bc  __mspabi_srll_5         
0000d5b6  __mspabi_srll_6         
0000d5b0  __mspabi_srll_7         
0000d5aa  __mspabi_srll_8         
0000d5a4  __mspabi_srll_9         
0000d772  __mspabi_subd           
0000d450  _auto_init              
0000d85a  _c_int00_noargs_noexit  
0000fffe  _reset_vector           
000003b0  _stack                  
0000d9da  _system_post_cinit      
0000d9d6  _system_pre_init        
0000d9d0  abort                   
0000d5dc  copy_in                 
0000d83c  coupleA_compte          
00000200  infrarouge              
0000d4be  main                    
0000d88e  memccpy                 
0000d95c  memcpy                  
0000d8ec  memset                  
00000204  servomoteur             
0000d73a  sprintf                 
0000d8a8  strcat                  
0000d99e  strcpy                  
0000d9ae  strlen                  
00000214  tour_bis                
00000216  tour_bis1               
00000208  ultrason                


GLOBAL SYMBOLS: SORTED BY Symbol Address 

address   name                    
-------   ----                    
00000000  IE1                     
00000001  IE2                     
00000002  IFG1                    
00000003  IFG2                    
00000010  P3REN                   
00000018  P3IN                    
00000019  P3OUT                   
0000001a  P3DIR                   
0000001b  P3SEL                   
00000020  P1IN                    
00000021  P1OUT                   
00000022  P1DIR                   
00000023  P1IFG                   
00000024  P1IES                   
00000025  P1IE                    
00000026  P1SEL                   
00000027  P1REN                   
00000028  P2IN                    
00000029  P2OUT                   
0000002a  P2DIR                   
0000002b  P2IFG                   
0000002c  P2IES                   
0000002d  P2IE                    
0000002e  P2SEL                   
0000002f  P2REN                   
00000041  P1SEL2                  
00000042  P2SEL2                  
00000043  P3SEL2                  
00000048  ADC10DTC0               
00000049  ADC10DTC1               
0000004a  ADC10AE0                
00000050  __STACK_SIZE            
00000053  BCSCTL3                 
00000056  DCOCTL                  
00000057  BCSCTL1                 
00000058  BCSCTL2                 
00000059  CACTL1                  
0000005a  CACTL2                  
0000005b  CAPD                    
0000005d  UCA0ABCTL               
0000005e  UCA0IRTCTL              
0000005f  UCA0IRRCTL              
00000060  UCA0CTL0                
00000061  UCA0CTL1                
00000062  UCA0BR0                 
00000063  UCA0BR1                 
00000064  UCA0MCTL                
00000065  UCA0STAT                
00000066  UCA0RXBUF               
00000067  UCA0TXBUF               
00000068  UCB0CTL0                
00000069  UCB0CTL1                
0000006a  UCB0BR0                 
0000006b  UCB0BR1                 
0000006c  UCB0I2CIE               
0000006d  UCB0STAT                
0000006e  UCB0RXBUF               
0000006f  UCB0TXBUF               
00000118  UCB0I2COA               
0000011a  UCB0I2CSA               
0000011e  TA1IV                   
00000120  WDTCTL                  
00000128  FCTL1                   
0000012a  FCTL2                   
0000012c  FCTL3                   
0000012e  TA0IV                   
00000160  TA0CTL                  
00000162  TA0CCTL0                
00000164  TA0CCTL1                
00000166  TA0CCTL2                
00000170  TA0R                    
00000172  TA0CCR0                 
00000174  TA0CCR1                 
00000176  TA0CCR2                 
00000180  TA1CTL                  
00000182  TA1CCTL0                
00000184  TA1CCTL1                
00000186  TA1CCTL2                
00000190  TA1R                    
00000192  TA1CCR0                 
00000194  TA1CCR1                 
00000196  TA1CCR2                 
000001b0  ADC10CTL0               
000001b2  ADC10CTL1               
000001b4  ADC10MEM                
000001bc  ADC10SA                 
00000200  infrarouge              
00000204  servomoteur             
00000208  ultrason                
0000020c  FLG1                    
0000020e  FLG2                    
00000210  FG                      
00000212  FG1                     
00000214  tour_bis                
00000216  tour_bis1               
000003b0  _stack                  
00000400  __STACK_END             
000010c0  TLV_CHECKSUM            
000010da  TLV_ADC10_1_TAG         
000010db  TLV_ADC10_1_LEN         
000010f6  TLV_DCO_30_TAG          
000010f7  TLV_DCO_30_LEN          
000010f8  CALDCO_16MHZ            
000010f9  CALBC1_16MHZ            
000010fa  CALDCO_12MHZ            
000010fb  CALBC1_12MHZ            
000010fc  CALDCO_8MHZ             
000010fd  CALBC1_8MHZ             
000010fe  CALDCO_1MHZ             
000010ff  CALBC1_1MHZ             
0000c000  TXdata                  
0000c3f2  __mspabi_addd           
0000c6da  __TI_frcmpyd            
0000c960  __mspabi_mpyd           
0000cbce  __TI_frcaddd            
0000cf44  __TI_printfi_minimal    
0000d0f4  __TI_renormd            
0000d1b2  __mspabi_fltlid         
0000d25e  Init_robot              
0000d2f2  __TI_decompress_lzss    
0000d36e  __mspabi_fixdul         
0000d3e2  Set_vitesse             
0000d450  _auto_init              
0000d4be  main                    
0000d524  Set_Direction           
0000d580  __mspabi_srll_15        
0000d586  __mspabi_srll_14        
0000d58c  __mspabi_srll_13        
0000d592  __mspabi_srll_12        
0000d598  __mspabi_srll_11        
0000d59e  __mspabi_srll_10        
0000d5a4  __mspabi_srll_9         
0000d5aa  __mspabi_srll_8         
0000d5b0  __mspabi_srll_7         
0000d5b6  __mspabi_srll_6         
0000d5bc  __mspabi_srll_5         
0000d5c2  __mspabi_srll_4         
0000d5c8  __mspabi_srll_3         
0000d5ce  __mspabi_srll_2         
0000d5d4  __mspabi_srll_1         
0000d5dc  copy_in                 
0000d636  __mspabi_srli           
0000d644  __mspabi_srli_15        
0000d648  __mspabi_srli_14        
0000d64c  __mspabi_srli_13        
0000d650  __mspabi_srli_12        
0000d654  __mspabi_srli_11        
0000d658  __mspabi_srli_10        
0000d65c  __mspabi_srli_9         
0000d660  __mspabi_srli_8         
0000d664  __mspabi_srli_7         
0000d668  __mspabi_srli_6         
0000d66c  __mspabi_srli_5         
0000d670  __mspabi_srli_4         
0000d674  __mspabi_srli_3         
0000d678  __mspabi_srli_2         
0000d67c  __mspabi_srli_1         
0000d682  __mspabi_sral_15        
0000d686  __mspabi_sral_14        
0000d68a  __mspabi_sral_13        
0000d68e  __mspabi_sral_12        
0000d692  __mspabi_sral_11        
0000d696  __mspabi_sral_10        
0000d69a  __mspabi_sral_9         
0000d69e  __mspabi_sral_8         
0000d6a2  __mspabi_sral_7         
0000d6a6  __mspabi_sral_6         
0000d6aa  __mspabi_sral_5         
0000d6ae  __mspabi_sral_4         
0000d6b2  __mspabi_sral_3         
0000d6b6  __mspabi_sral_2         
0000d6ba  __mspabi_sral_1         
0000d6c0  __mspabi_slll_15        
0000d6c4  __mspabi_slll_14        
0000d6c8  __mspabi_slll_13        
0000d6cc  __mspabi_slll_12        
0000d6d0  __mspabi_slll_11        
0000d6d4  __mspabi_slll_10        
0000d6d8  __mspabi_slll_9         
0000d6dc  __mspabi_slll_8         
0000d6e0  __mspabi_slll_7         
0000d6e4  __mspabi_slll_6         
0000d6e8  __mspabi_slll_5         
0000d6ec  __mspabi_slll_4         
0000d6f0  __mspabi_slll_3         
0000d6f4  __mspabi_slll_2         
0000d6f8  __mspabi_slll_1         
0000d6fe  InitUART                
0000d73a  sprintf                 
0000d772  __mspabi_subd           
0000d7a0  __mspabi_srai           
0000d7ac  __mspabi_srai_15        
0000d7ae  __mspabi_srai_14        
0000d7b0  __mspabi_srai_13        
0000d7b2  __mspabi_srai_12        
0000d7b4  __mspabi_srai_11        
0000d7b6  __mspabi_srai_10        
0000d7b8  __mspabi_srai_9         
0000d7ba  __mspabi_srai_8         
0000d7bc  __mspabi_srai_7         
0000d7be  __mspabi_srai_6         
0000d7c0  __mspabi_srai_5         
0000d7c2  __mspabi_srai_4         
0000d7c4  __mspabi_srai_3         
0000d7c6  __mspabi_srai_2         
0000d7c8  __mspabi_srai_1         
0000d7cc  __mspabi_slli           
0000d7d8  __mspabi_slli_15        
0000d7da  __mspabi_slli_14        
0000d7dc  __mspabi_slli_13        
0000d7de  __mspabi_slli_12        
0000d7e0  __mspabi_slli_11        
0000d7e2  __mspabi_slli_10        
0000d7e4  __mspabi_slli_9         
0000d7e6  __mspabi_slli_8         
0000d7e8  __mspabi_slli_7         
0000d7ea  __mspabi_slli_6         
0000d7ec  __mspabi_slli_5         
0000d7ee  __mspabi_slli_4         
0000d7f0  __mspabi_slli_3         
0000d7f2  __mspabi_slli_2         
0000d7f4  __mspabi_slli_1         
0000d7f8  __mspabi_mpyl           
0000d7f8  __mspabi_mpyl_sw        
0000d81e  USCI0RX_ISR             
0000d83c  coupleA_compte          
0000d85a  _c_int00_noargs_noexit  
0000d88e  memccpy                 
0000d8a8  strcat                  
0000d8c2  __mspabi_divu           
0000d8c2  __mspabi_remu           
0000d8d8  __TI_zero_init          
0000d8ec  memset                  
0000d900  __mspabi_mpyi           
0000d900  __mspabi_mpyi_sw        
0000d914  __mspabi_fixdu          
0000d938  __TI_decompress_none    
0000d94a  __mspabi_srll           
0000d95c  memcpy                  
0000d96e  __mspabi_sral           
0000d97e  __mspabi_slll           
0000d98e  __mspabi_func_epilog_7  
0000d990  __mspabi_func_epilog_6  
0000d992  __mspabi_func_epilog_5  
0000d994  __mspabi_func_epilog_4  
0000d996  __mspabi_func_epilog_3  
0000d998  __mspabi_func_epilog_2  
0000d99a  __mspabi_func_epilog_1  
0000d99e  strcpy                  
0000d9ae  strlen                  
0000d9bc  __mspabi_fltid          
0000d9c8  __TI_ISR_TRAP           
0000d9d0  C$$EXIT                 
0000d9d0  abort                   
0000d9d6  _system_pre_init        
0000d9da  _system_post_cinit      
0000dca2  __TI_Handler_Table_Base 
0000dca8  __TI_Handler_Table_Limit
0000dcac  __TI_CINIT_Base         
0000dcb4  __TI_CINIT_Limit        
0000ffe0  __TI_int00              
0000ffe4  __TI_int02              
0000ffe6  __TI_int03              
0000ffea  __TI_int05              
0000ffec  __TI_int06              
0000ffee  __TI_int07              
0000fff0  __TI_int08              
0000fff2  __TI_int09              
0000fff4  __TI_int10              
0000fff6  __TI_int11              
0000fff8  __TI_int12              
0000fffa  __TI_int13              
0000fffc  __TI_int14              
0000fffe  _reset_vector           
ffffffff  __TI_pprof_out_hndl     
ffffffff  __TI_prof_data_size     
ffffffff  __TI_prof_data_start    
ffffffff  __c_args__              
UNDEFED   __TI_BINIT_Base         
UNDEFED   __TI_BINIT_Limit        
UNDEFED   __TI_INITARRAY_Base     
UNDEFED   __TI_INITARRAY_Limit    

[282 symbols]
