******************************************************************************
                  MSP430 Linker PC v20.2.0                     
******************************************************************************
>> Linked Sun Mar 29 14:26:35 2020

OUTPUT FILE NAME:   <capteur_us_2231.out>
ENTRY POINT SYMBOL: "_c_int00_noargs"  address: 0000fa50


MEMORY CONFIGURATION

         name            origin    length      used     unused   attr    fill
----------------------  --------  ---------  --------  --------  ----  --------
  SFR                   00000000   00000010  00000000  00000010  RWIX
  PERIPHERALS_8BIT      00000010   000000f0  00000000  000000f0  RWIX
  PERIPHERALS_16BIT     00000100   00000100  00000000  00000100  RWIX
  RAM                   00000200   00000080  0000003e  00000042  RWIX
  INFOD                 00001000   00000040  00000000  00000040  RWIX
  INFOC                 00001040   00000040  00000000  00000040  RWIX
  INFOB                 00001080   00000040  00000000  00000040  RWIX
  INFOA                 000010c0   00000040  00000000  00000040  RWIX
  FLASH                 0000f800   000007e0  000002f4  000004ec  RWIX
  INT00                 0000ffe0   00000002  00000000  00000002  RWIX
  INT01                 0000ffe2   00000002  00000000  00000002  RWIX
  INT02                 0000ffe4   00000002  00000002  00000000  RWIX
  INT03                 0000ffe6   00000002  00000002  00000000  RWIX
  INT04                 0000ffe8   00000002  00000002  00000000  RWIX
  INT05                 0000ffea   00000002  00000002  00000000  RWIX
  INT06                 0000ffec   00000002  00000000  00000002  RWIX
  INT07                 0000ffee   00000002  00000000  00000002  RWIX
  INT08                 0000fff0   00000002  00000002  00000000  RWIX
  INT09                 0000fff2   00000002  00000002  00000000  RWIX
  INT10                 0000fff4   00000002  00000002  00000000  RWIX
  INT11                 0000fff6   00000002  00000000  00000002  RWIX
  INT12                 0000fff8   00000002  00000000  00000002  RWIX
  INT13                 0000fffa   00000002  00000000  00000002  RWIX
  INT14                 0000fffc   00000002  00000002  00000000  RWIX
  RESET                 0000fffe   00000002  00000002  00000000  RWIX


SECTION ALLOCATION MAP

 output                                  attributes/
section   page    origin      length       input sections
--------  ----  ----------  ----------   ----------------
.data      0    00000200    0000000a     UNINITIALIZED
                  00000200    0000000a     main.obj (.data)

.stack     0    0000024c    00000034     UNINITIALIZED
                  0000024c    00000002     rts430_eabi.lib : boot.c.obj (.stack)
                  0000024e    00000032     --HOLE--

.text      0    0000f800    000002e4     
                  0000f800    0000007c     rts430_eabi.lib : copy_decompress_lzss.c.obj (.text:decompress:lzss:__TI_decompress_lzss)
                  0000f87c    00000056     main.obj (.text:radar)
                  0000f8d2    00000054     main.obj (.text:init_BOARD)
                  0000f926    0000004c     rts430_eabi.lib : lsr16.asm.obj (.text)
                  0000f972    0000004c     main.obj (.text:timer0_A0_isr)
                  0000f9be    00000042     rts430_eabi.lib : autoinit.c.obj (.text:__TI_auto_init_nobinit_nopinit:__TI_auto_init_nobinit_nopinit)
                  0000fa00    0000002c                     : lsl16.asm.obj (.text)
                  0000fa2c    00000024     send.obj (.text:init_send)
                  0000fa50    0000001c     rts430_eabi.lib : boot.c.obj (.text:_c_int00_noargs)
                  0000fa6c    0000001a     main.obj (.text:init_TIMER)
                  0000fa86    00000016     main.obj (.text:main)
                  0000fa9c    00000012     rts430_eabi.lib : copy_decompress_none.c.obj (.text:decompress:none:__TI_decompress_none)
                  0000faae    00000012                     : memcpy.c.obj (.text:memcpy)
                  0000fac0    00000010                     : epilog.asm.obj (.text)
                  0000fad0    00000008                     : isr_trap.asm.obj (.text:_isr:__TI_ISR_TRAP)
                  0000fad8    00000006                     : exit.c.obj (.text:abort)
                  0000fade    00000004                     : pre_init.c.obj (.text:_system_pre_init)
                  0000fae2    00000002                     : startup.c.obj (.text:_system_post_cinit)

.cinit     0    0000fae4    00000010     
                  0000fae4    00000007     (.cinit..data.load) [load image, compression = lzss]
                  0000faeb    00000001     --HOLE-- [fill = 0]
                  0000faec    00000004     (__TI_handler_table)
                  0000faf0    00000004     (__TI_cinit_table)

.binit     0    0000f800    00000000     

.init_array 
*          0    0000f800    00000000     UNINITIALIZED

PORT1      0    0000ffe4    00000002     
                  0000ffe4    00000002     rts430_eabi.lib : int02.asm.obj (.int02)

PORT2      0    0000ffe6    00000002     
                  0000ffe6    00000002     rts430_eabi.lib : int03.asm.obj (.int03)

USI        0    0000ffe8    00000002     
                  0000ffe8    00000002     rts430_eabi.lib : int04.asm.obj (.int04)

ADC10      0    0000ffea    00000002     
                  0000ffea    00000002     rts430_eabi.lib : int05.asm.obj (.int05)

TIMERA1    0    0000fff0    00000002     
                  0000fff0    00000002     rts430_eabi.lib : int08.asm.obj (.int08)

TIMERA0    0    0000fff2    00000002     
                  0000fff2    00000002     main.obj (.int09)

WDT        0    0000fff4    00000002     
                  0000fff4    00000002     rts430_eabi.lib : int10.asm.obj (.int10)

NMI        0    0000fffc    00000002     
                  0000fffc    00000002     rts430_eabi.lib : int14.asm.obj (.int14)

.reset     0    0000fffe    00000002     
                  0000fffe    00000002     rts430_eabi.lib : boot.c.obj (.reset)

MODULE SUMMARY

       Module                       code   ro data   rw data
       ------                       ----   -------   -------
    .\
       main.obj                     294    2         10     
       send.obj                     36     0         0      
    +--+----------------------------+------+---------+---------+
       Total:                       330    2         10     
                                                            
    D:\ti\ccs1000\ccs\tools\compiler\ti-cgt-msp430_20.2.0.LTS\lib\rts430_eabi.lib
       copy_decompress_lzss.c.obj   124    0         0      
       lsr16.asm.obj                76     0         0      
       autoinit.c.obj               66     0         0      
       lsl16.asm.obj                44     0         0      
       boot.c.obj                   28     2         0      
       copy_decompress_none.c.obj   18     0         0      
       memcpy.c.obj                 18     0         0      
       epilog.asm.obj               16     0         0      
       isr_trap.asm.obj             8      0         0      
       exit.c.obj                   6      0         0      
       pre_init.c.obj               4      0         0      
       int02.asm.obj                0      2         0      
       int03.asm.obj                0      2         0      
       int04.asm.obj                0      2         0      
       int05.asm.obj                0      2         0      
       int08.asm.obj                0      2         0      
       int10.asm.obj                0      2         0      
       int14.asm.obj                0      2         0      
       startup.c.obj                2      0         0      
    +--+----------------------------+------+---------+---------+
       Total:                       410    16        0      
                                                            
       Stack:                       0      0         52     
       Linker Generated:            0      15        0      
    +--+----------------------------+------+---------+---------+
       Grand Total:                 740    33        62     


LINKER GENERATED COPY TABLES

__TI_cinit_table @ 0000faf0 records: 1, size/record: 4, table size: 4
	.data: load addr=0000fae4, load size=00000007 bytes, run addr=00000200, run size=0000000a bytes, compression=lzss


LINKER GENERATED HANDLER TABLE

__TI_handler_table @ 0000faec records: 2, size/record: 2, table size: 4
	index: 0, handler: __TI_decompress_lzss
	index: 1, handler: __TI_decompress_none


GLOBAL SYMBOLS: SORTED ALPHABETICALLY BY Name 

address   name                          
-------   ----                          
0000004a  ADC10AE0                      
000001b0  ADC10CTL0                     
000001b2  ADC10CTL1                     
00000048  ADC10DTC0                     
00000049  ADC10DTC1                     
000001b4  ADC10MEM                      
000001bc  ADC10SA                       
00000057  BCSCTL1                       
00000058  BCSCTL2                       
00000053  BCSCTL3                       
0000fad8  C$$EXIT                       
000010ff  CALBC1_1MHZ                   
000010fe  CALDCO_1MHZ                   
00000056  DCOCTL                        
00000128  FCTL1                         
0000012a  FCTL2                         
0000012c  FCTL3                         
00000000  IE1                           
00000002  IFG1                          
00000022  P1DIR                         
00000025  P1IE                          
00000024  P1IES                         
00000023  P1IFG                         
00000020  P1IN                          
00000021  P1OUT                         
00000027  P1REN                         
00000026  P1SEL                         
0000002a  P2DIR                         
0000002d  P2IE                          
0000002c  P2IES                         
0000002b  P2IFG                         
00000028  P2IN                          
00000029  P2OUT                         
0000002f  P2REN                         
0000002e  P2SEL                         
00000172  TACCR0                        
00000174  TACCR1                        
00000162  TACCTL0                       
00000164  TACCTL1                       
00000160  TACTL                         
0000012e  TAIV                          
00000170  TAR                           
0000007a  USICCTL                       
0000007a  USICKCTL                      
0000007b  USICNT                        
00000078  USICTL                        
00000078  USICTL0                       
00000079  USICTL1                       
0000007c  USISR                         
0000007d  USISRH                        
0000007c  USISRL                        
00000120  WDTCTL                        
00000280  __STACK_END                   
00000034  __STACK_SIZE                  
0000faf0  __TI_CINIT_Base               
0000faf4  __TI_CINIT_Limit              
0000faec  __TI_Handler_Table_Base       
0000faf0  __TI_Handler_Table_Limit      
0000fad0  __TI_ISR_TRAP                 
0000f9be  __TI_auto_init_nobinit_nopinit
0000f800  __TI_decompress_lzss          
0000fa9c  __TI_decompress_none          
0000ffe4  __TI_int02                    
0000ffe6  __TI_int03                    
0000ffe8  __TI_int04                    
0000ffea  __TI_int05                    
0000fff0  __TI_int08                    
0000fff2  __TI_int09                    
0000fff4  __TI_int10                    
0000fffc  __TI_int14                    
ffffffff  __TI_pprof_out_hndl           
ffffffff  __TI_prof_data_size           
ffffffff  __TI_prof_data_start          
ffffffff  __c_args__                    
0000facc  __mspabi_func_epilog_1        
0000faca  __mspabi_func_epilog_2        
0000fac8  __mspabi_func_epilog_3        
0000fac6  __mspabi_func_epilog_4        
0000fac4  __mspabi_func_epilog_5        
0000fac2  __mspabi_func_epilog_6        
0000fac0  __mspabi_func_epilog_7        
0000fa00  __mspabi_slli                 
0000fa28  __mspabi_slli_1               
0000fa16  __mspabi_slli_10              
0000fa14  __mspabi_slli_11              
0000fa12  __mspabi_slli_12              
0000fa10  __mspabi_slli_13              
0000fa0e  __mspabi_slli_14              
0000fa0c  __mspabi_slli_15              
0000fa26  __mspabi_slli_2               
0000fa24  __mspabi_slli_3               
0000fa22  __mspabi_slli_4               
0000fa20  __mspabi_slli_5               
0000fa1e  __mspabi_slli_6               
0000fa1c  __mspabi_slli_7               
0000fa1a  __mspabi_slli_8               
0000fa18  __mspabi_slli_9               
0000f926  __mspabi_srli                 
0000f96c  __mspabi_srli_1               
0000f948  __mspabi_srli_10              
0000f944  __mspabi_srli_11              
0000f940  __mspabi_srli_12              
0000f93c  __mspabi_srli_13              
0000f938  __mspabi_srli_14              
0000f934  __mspabi_srli_15              
0000f968  __mspabi_srli_2               
0000f964  __mspabi_srli_3               
0000f960  __mspabi_srli_4               
0000f95c  __mspabi_srli_5               
0000f958  __mspabi_srli_6               
0000f954  __mspabi_srli_7               
0000f950  __mspabi_srli_8               
0000f94c  __mspabi_srli_9               
0000fa50  _c_int00_noargs               
0000fffe  _reset_vector                 
0000024c  _stack                        
0000fae2  _system_post_cinit            
0000fade  _system_pre_init              
0000fad8  abort                         
00000206  delay_measurement             
00000204  distance                      
0000f8d2  init_BOARD                    
0000fa6c  init_TIMER                    
0000fa2c  init_send                     
0000fa86  main                          
0000faae  memcpy                        
0000f87c  radar                         
00000200  t1                            
00000202  t2                            
0000f972  timer0_A0_isr                 


GLOBAL SYMBOLS: SORTED BY Symbol Address 

address   name                          
-------   ----                          
00000000  IE1                           
00000002  IFG1                          
00000020  P1IN                          
00000021  P1OUT                         
00000022  P1DIR                         
00000023  P1IFG                         
00000024  P1IES                         
00000025  P1IE                          
00000026  P1SEL                         
00000027  P1REN                         
00000028  P2IN                          
00000029  P2OUT                         
0000002a  P2DIR                         
0000002b  P2IFG                         
0000002c  P2IES                         
0000002d  P2IE                          
0000002e  P2SEL                         
0000002f  P2REN                         
00000034  __STACK_SIZE                  
00000048  ADC10DTC0                     
00000049  ADC10DTC1                     
0000004a  ADC10AE0                      
00000053  BCSCTL3                       
00000056  DCOCTL                        
00000057  BCSCTL1                       
00000058  BCSCTL2                       
00000078  USICTL                        
00000078  USICTL0                       
00000079  USICTL1                       
0000007a  USICCTL                       
0000007a  USICKCTL                      
0000007b  USICNT                        
0000007c  USISR                         
0000007c  USISRL                        
0000007d  USISRH                        
00000120  WDTCTL                        
00000128  FCTL1                         
0000012a  FCTL2                         
0000012c  FCTL3                         
0000012e  TAIV                          
00000160  TACTL                         
00000162  TACCTL0                       
00000164  TACCTL1                       
00000170  TAR                           
00000172  TACCR0                        
00000174  TACCR1                        
000001b0  ADC10CTL0                     
000001b2  ADC10CTL1                     
000001b4  ADC10MEM                      
000001bc  ADC10SA                       
00000200  t1                            
00000202  t2                            
00000204  distance                      
00000206  delay_measurement             
0000024c  _stack                        
00000280  __STACK_END                   
000010fe  CALDCO_1MHZ                   
000010ff  CALBC1_1MHZ                   
0000f800  __TI_decompress_lzss          
0000f87c  radar                         
0000f8d2  init_BOARD                    
0000f926  __mspabi_srli                 
0000f934  __mspabi_srli_15              
0000f938  __mspabi_srli_14              
0000f93c  __mspabi_srli_13              
0000f940  __mspabi_srli_12              
0000f944  __mspabi_srli_11              
0000f948  __mspabi_srli_10              
0000f94c  __mspabi_srli_9               
0000f950  __mspabi_srli_8               
0000f954  __mspabi_srli_7               
0000f958  __mspabi_srli_6               
0000f95c  __mspabi_srli_5               
0000f960  __mspabi_srli_4               
0000f964  __mspabi_srli_3               
0000f968  __mspabi_srli_2               
0000f96c  __mspabi_srli_1               
0000f972  timer0_A0_isr                 
0000f9be  __TI_auto_init_nobinit_nopinit
0000fa00  __mspabi_slli                 
0000fa0c  __mspabi_slli_15              
0000fa0e  __mspabi_slli_14              
0000fa10  __mspabi_slli_13              
0000fa12  __mspabi_slli_12              
0000fa14  __mspabi_slli_11              
0000fa16  __mspabi_slli_10              
0000fa18  __mspabi_slli_9               
0000fa1a  __mspabi_slli_8               
0000fa1c  __mspabi_slli_7               
0000fa1e  __mspabi_slli_6               
0000fa20  __mspabi_slli_5               
0000fa22  __mspabi_slli_4               
0000fa24  __mspabi_slli_3               
0000fa26  __mspabi_slli_2               
0000fa28  __mspabi_slli_1               
0000fa2c  init_send                     
0000fa50  _c_int00_noargs               
0000fa6c  init_TIMER                    
0000fa86  main                          
0000fa9c  __TI_decompress_none          
0000faae  memcpy                        
0000fac0  __mspabi_func_epilog_7        
0000fac2  __mspabi_func_epilog_6        
0000fac4  __mspabi_func_epilog_5        
0000fac6  __mspabi_func_epilog_4        
0000fac8  __mspabi_func_epilog_3        
0000faca  __mspabi_func_epilog_2        
0000facc  __mspabi_func_epilog_1        
0000fad0  __TI_ISR_TRAP                 
0000fad8  C$$EXIT                       
0000fad8  abort                         
0000fade  _system_pre_init              
0000fae2  _system_post_cinit            
0000faec  __TI_Handler_Table_Base       
0000faf0  __TI_CINIT_Base               
0000faf0  __TI_Handler_Table_Limit      
0000faf4  __TI_CINIT_Limit              
0000ffe4  __TI_int02                    
0000ffe6  __TI_int03                    
0000ffe8  __TI_int04                    
0000ffea  __TI_int05                    
0000fff0  __TI_int08                    
0000fff2  __TI_int09                    
0000fff4  __TI_int10                    
0000fffc  __TI_int14                    
0000fffe  _reset_vector                 
ffffffff  __TI_pprof_out_hndl           
ffffffff  __TI_prof_data_size           
ffffffff  __TI_prof_data_start          
ffffffff  __c_args__                    

[130 symbols]
