******************************************************************************
                  MSP430 Linker PC v16.9.6                     
******************************************************************************
>> Linked Wed Sep 18 11:24:50 2019

OUTPUT FILE NAME:   <TP1ex1.out>
ENTRY POINT SYMBOL: "_c_int00_noinit_noargs_noexit"  address: 0000c28a


MEMORY CONFIGURATION

         name            origin    length      used     unused   attr    fill
----------------------  --------  ---------  --------  --------  ----  --------
  SFR                   00000000   00000010  00000000  00000010  RWIX
  PERIPHERALS_8BIT      00000010   000000f0  00000000  000000f0  RWIX
  PERIPHERALS_16BIT     00000100   00000100  00000000  00000100  RWIX
  RAM                   00000200   00000200  00000050  000001b0  RWIX
  INFOD                 00001000   00000040  00000000  00000040  RWIX
  INFOC                 00001040   00000040  00000000  00000040  RWIX
  INFOB                 00001080   00000040  00000000  00000040  RWIX
  INFOA                 000010c0   00000040  00000000  00000040  RWIX
  FLASH                 0000c000   00003fde  000002c4  00003d1a  RWIX
  BSLSIGNATURE          0000ffde   00000002  00000002  00000000  RWIX  ffff 
  INT00                 0000ffe0   00000002  00000002  00000000  RWIX
  INT01                 0000ffe2   00000002  00000000  00000002  RWIX
  INT02                 0000ffe4   00000002  00000002  00000000  RWIX
  INT03                 0000ffe6   00000002  00000002  00000000  RWIX
  INT04                 0000ffe8   00000002  00000000  00000002  RWIX
  INT05                 0000ffea   00000002  00000002  00000000  RWIX
  INT06                 0000ffec   00000002  00000002  00000000  RWIX
  INT07                 0000ffee   00000002  00000002  00000000  RWIX
  INT08                 0000fff0   00000002  00000002  00000000  RWIX
  INT09                 0000fff2   00000002  00000002  00000000  RWIX
  INT10                 0000fff4   00000002  00000002  00000000  RWIX
  INT11                 0000fff6   00000002  00000002  00000000  RWIX
  INT12                 0000fff8   00000002  00000002  00000000  RWIX
  INT13                 0000fffa   00000002  00000002  00000000  RWIX
  INT14                 0000fffc   00000002  00000002  00000000  RWIX
  RESET                 0000fffe   00000002  00000002  00000000  RWIX


SECTION ALLOCATION MAP

 output                                  attributes/
section   page    origin      length       input sections
--------  ----  ----------  ----------   ----------------
.stack     0    000003b0    00000050     UNINITIALIZED
                  000003b0    00000002     rts430_eabi.lib : boot.obj (.stack)
                  000003b2    0000004e     --HOLE--

.text      0    0000c000    000002be     
                  0000c000    00000076     Afficheur.obj (.text:convert_Hex_Dec)
                  0000c076    0000004c     rts430_eabi.lib : lsr16.obj (.text)
                  0000c0c2    00000040     Afficheur.obj (.text:Aff_Init)
                  0000c102    0000003e     Afficheur.obj (.text:Aff_valeur)
                  0000c140    0000002e     Afficheur.obj (.text:Init_USI_SPI)
                  0000c16e    0000002c     rts430_eabi.lib : asr16.obj (.text)
                  0000c19a    0000002c                     : div16s.obj (.text)
                  0000c1c6    0000002c                     : lsl16.obj (.text)
                  0000c1f2    00000024     main.obj (.text:main)
                  0000c216    00000022     Afficheur.obj (.text:Aff_4carac)
                  0000c238    00000018     Afficheur.obj (.text:Send_char_SPI)
                  0000c250    00000016     rts430_eabi.lib : div16u.obj (.text)
                  0000c266    00000012     Afficheur.obj (.text:Aff_Luminosite)
                  0000c278    00000012     Afficheur.obj (.text:Aff_Points)
                  0000c28a    00000012     rts430_eabi.lib : boot_special.obj (.text:_c_int00_noinit_noargs_noexit)
                  0000c29c    00000010     Afficheur.obj (.text:Aff_Efface)
                  0000c2ac    00000008     rts430_eabi.lib : isr_trap.obj (.text:_isr:__TI_ISR_TRAP)
                  0000c2b4    00000006                     : exit.obj (.text:abort)
                  0000c2ba    00000004                     : pre_init.obj (.text:_system_pre_init)

.cinit     0    0000c000    00000000     UNINITIALIZED

.binit     0    0000c000    00000000     

.const     0    0000c2be    00000006     
                  0000c2be    00000006     Afficheur.obj (.const:.string)

.init_array 
*          0    0000c000    00000000     UNINITIALIZED

TRAPINT    0    0000ffe0    00000002     
                  0000ffe0    00000002     rts430_eabi.lib : int00.obj (.int00)

PORT1      0    0000ffe4    00000002     
                  0000ffe4    00000002     rts430_eabi.lib : int02.obj (.int02)

PORT2      0    0000ffe6    00000002     
                  0000ffe6    00000002     rts430_eabi.lib : int03.obj (.int03)

$fill000   0    0000ffde    00000002     
                  0000ffde    00000002     --HOLE-- [fill = ffff]

ADC10      0    0000ffea    00000002     
                  0000ffea    00000002     rts430_eabi.lib : int05.obj (.int05)

USCIAB0TX 
*          0    0000ffec    00000002     
                  0000ffec    00000002     rts430_eabi.lib : int06.obj (.int06)

USCIAB0RX 
*          0    0000ffee    00000002     
                  0000ffee    00000002     rts430_eabi.lib : int07.obj (.int07)

TIMER0_A1 
*          0    0000fff0    00000002     
                  0000fff0    00000002     rts430_eabi.lib : int08.obj (.int08)

TIMER0_A0 
*          0    0000fff2    00000002     
                  0000fff2    00000002     rts430_eabi.lib : int09.obj (.int09)

WDT        0    0000fff4    00000002     
                  0000fff4    00000002     rts430_eabi.lib : int10.obj (.int10)

COMPARATORA 
*          0    0000fff6    00000002     
                  0000fff6    00000002     rts430_eabi.lib : int11.obj (.int11)

TIMER1_A1 
*          0    0000fff8    00000002     
                  0000fff8    00000002     rts430_eabi.lib : int12.obj (.int12)

TIMER1_A0 
*          0    0000fffa    00000002     
                  0000fffa    00000002     rts430_eabi.lib : int13.obj (.int13)

NMI        0    0000fffc    00000002     
                  0000fffc    00000002     rts430_eabi.lib : int14.obj (.int14)

.reset     0    0000fffe    00000002     
                  0000fffe    00000002     rts430_eabi.lib : boot.obj (.reset)

MODULE SUMMARY

       Module             code   ro data   rw data
       ------             ----   -------   -------
    .\
       Afficheur.obj      400    6         0      
       main.obj           36     0         0      
    +--+------------------+------+---------+---------+
       Total:             436    6         0      
                                                  
    C:\ti\ccsv7\tools\compiler\ti-cgt-msp430_16.9.6.LTS\lib\rts430_eabi.lib
       lsr16.obj          76     0         0      
       asr16.obj          44     0         0      
       div16s.obj         44     0         0      
       lsl16.obj          44     0         0      
       div16u.obj         22     0         0      
       boot_special.obj   18     0         0      
       isr_trap.obj       8      0         0      
       exit.obj           6      0         0      
       pre_init.obj       4      0         0      
       boot.obj           0      2         0      
       int00.obj          0      2         0      
       int02.obj          0      2         0      
       int03.obj          0      2         0      
       int05.obj          0      2         0      
       int06.obj          0      2         0      
       int07.obj          0      2         0      
       int08.obj          0      2         0      
       int09.obj          0      2         0      
       int10.obj          0      2         0      
       int11.obj          0      2         0      
       int12.obj          0      2         0      
       int13.obj          0      2         0      
       int14.obj          0      2         0      
    +--+------------------+------+---------+---------+
       Total:             266    28        0      
                                                  
       Stack:             0      0         80     
    +--+------------------+------+---------+---------+
       Grand Total:       702    34        80     


GLOBAL SYMBOLS: SORTED ALPHABETICALLY BY Name 

address   name                         
-------   ----                         
0000004a  ADC10AE0                     
000001b0  ADC10CTL0                    
000001b2  ADC10CTL1                    
00000048  ADC10DTC0                    
00000049  ADC10DTC1                    
000001b4  ADC10MEM                     
000001bc  ADC10SA                      
0000c216  Aff_4carac                   
0000c29c  Aff_Efface                   
0000c0c2  Aff_Init                     
0000c266  Aff_Luminosite               
0000c278  Aff_Points                   
0000c102  Aff_valeur                   
00000057  BCSCTL1                      
00000058  BCSCTL2                      
00000053  BCSCTL3                      
0000c2b4  C$$EXIT                      
00000059  CACTL1                       
0000005a  CACTL2                       
000010fb  CALBC1_12MHZ                 
000010f9  CALBC1_16MHZ                 
000010ff  CALBC1_1MHZ                  
000010fd  CALBC1_8MHZ                  
000010fa  CALDCO_12MHZ                 
000010f8  CALDCO_16MHZ                 
000010fe  CALDCO_1MHZ                  
000010fc  CALDCO_8MHZ                  
0000005b  CAPD                         
00000056  DCOCTL                       
00000128  FCTL1                        
0000012a  FCTL2                        
0000012c  FCTL3                        
00000000  IE1                          
00000001  IE2                          
00000002  IFG1                         
00000003  IFG2                         
0000c140  Init_USI_SPI                 
00000022  P1DIR                        
00000025  P1IE                         
00000024  P1IES                        
00000023  P1IFG                        
00000020  P1IN                         
00000021  P1OUT                        
00000027  P1REN                        
00000026  P1SEL                        
00000041  P1SEL2                       
0000002a  P2DIR                        
0000002d  P2IE                         
0000002c  P2IES                        
0000002b  P2IFG                        
00000028  P2IN                         
00000029  P2OUT                        
0000002f  P2REN                        
0000002e  P2SEL                        
00000042  P2SEL2                       
0000001a  P3DIR                        
00000018  P3IN                         
00000019  P3OUT                        
00000010  P3REN                        
0000001b  P3SEL                        
00000043  P3SEL2                       
0000c238  Send_char_SPI                
00000172  TA0CCR0                      
00000174  TA0CCR1                      
00000176  TA0CCR2                      
00000162  TA0CCTL0                     
00000164  TA0CCTL1                     
00000166  TA0CCTL2                     
00000160  TA0CTL                       
0000012e  TA0IV                        
00000170  TA0R                         
00000192  TA1CCR0                      
00000194  TA1CCR1                      
00000196  TA1CCR2                      
00000182  TA1CCTL0                     
00000184  TA1CCTL1                     
00000186  TA1CCTL2                     
00000180  TA1CTL                       
0000011e  TA1IV                        
00000190  TA1R                         
000010db  TLV_ADC10_1_LEN              
000010da  TLV_ADC10_1_TAG              
000010c0  TLV_CHECKSUM                 
000010f7  TLV_DCO_30_LEN               
000010f6  TLV_DCO_30_TAG               
0000005d  UCA0ABCTL                    
00000062  UCA0BR0                      
00000063  UCA0BR1                      
00000060  UCA0CTL0                     
00000061  UCA0CTL1                     
0000005f  UCA0IRRCTL                   
0000005e  UCA0IRTCTL                   
00000064  UCA0MCTL                     
00000066  UCA0RXBUF                    
00000065  UCA0STAT                     
00000067  UCA0TXBUF                    
0000006a  UCB0BR0                      
0000006b  UCB0BR1                      
00000068  UCB0CTL0                     
00000069  UCB0CTL1                     
0000006c  UCB0I2CIE                    
00000118  UCB0I2COA                    
0000011a  UCB0I2CSA                    
0000006e  UCB0RXBUF                    
0000006d  UCB0STAT                     
0000006f  UCB0TXBUF                    
00000120  WDTCTL                       
00000400  __STACK_END                  
00000050  __STACK_SIZE                 
0000c2ac  __TI_ISR_TRAP                
0000ffe0  __TI_int00                   
0000ffe4  __TI_int02                   
0000ffe6  __TI_int03                   
0000ffea  __TI_int05                   
0000ffec  __TI_int06                   
0000ffee  __TI_int07                   
0000fff0  __TI_int08                   
0000fff2  __TI_int09                   
0000fff4  __TI_int10                   
0000fff6  __TI_int11                   
0000fff8  __TI_int12                   
0000fffa  __TI_int13                   
0000fffc  __TI_int14                   
ffffffff  __TI_pprof_out_hndl          
ffffffff  __TI_prof_data_size          
ffffffff  __TI_prof_data_start         
ffffffff  __c_args__                   
0000c19a  __mspabi_divi                
0000c250  __mspabi_divu                
0000c19a  __mspabi_remi                
0000c250  __mspabi_remu                
0000c1c6  __mspabi_slli                
0000c1ee  __mspabi_slli_1              
0000c1dc  __mspabi_slli_10             
0000c1da  __mspabi_slli_11             
0000c1d8  __mspabi_slli_12             
0000c1d6  __mspabi_slli_13             
0000c1d4  __mspabi_slli_14             
0000c1d2  __mspabi_slli_15             
0000c1ec  __mspabi_slli_2              
0000c1ea  __mspabi_slli_3              
0000c1e8  __mspabi_slli_4              
0000c1e6  __mspabi_slli_5              
0000c1e4  __mspabi_slli_6              
0000c1e2  __mspabi_slli_7              
0000c1e0  __mspabi_slli_8              
0000c1de  __mspabi_slli_9              
0000c16e  __mspabi_srai                
0000c196  __mspabi_srai_1              
0000c184  __mspabi_srai_10             
0000c182  __mspabi_srai_11             
0000c180  __mspabi_srai_12             
0000c17e  __mspabi_srai_13             
0000c17c  __mspabi_srai_14             
0000c17a  __mspabi_srai_15             
0000c194  __mspabi_srai_2              
0000c192  __mspabi_srai_3              
0000c190  __mspabi_srai_4              
0000c18e  __mspabi_srai_5              
0000c18c  __mspabi_srai_6              
0000c18a  __mspabi_srai_7              
0000c188  __mspabi_srai_8              
0000c186  __mspabi_srai_9              
0000c076  __mspabi_srli                
0000c0bc  __mspabi_srli_1              
0000c098  __mspabi_srli_10             
0000c094  __mspabi_srli_11             
0000c090  __mspabi_srli_12             
0000c08c  __mspabi_srli_13             
0000c088  __mspabi_srli_14             
0000c084  __mspabi_srli_15             
0000c0b8  __mspabi_srli_2              
0000c0b4  __mspabi_srli_3              
0000c0b0  __mspabi_srli_4              
0000c0ac  __mspabi_srli_5              
0000c0a8  __mspabi_srli_6              
0000c0a4  __mspabi_srli_7              
0000c0a0  __mspabi_srli_8              
0000c09c  __mspabi_srli_9              
0000c28a  _c_int00_noinit_noargs_noexit
0000fffe  _reset_vector                
000003b0  _stack                       
0000c2ba  _system_pre_init             
0000c2b4  abort                        
0000c000  convert_Hex_Dec              
0000c1f2  main                         


GLOBAL SYMBOLS: SORTED BY Symbol Address 

address   name                         
-------   ----                         
00000000  IE1                          
00000001  IE2                          
00000002  IFG1                         
00000003  IFG2                         
00000010  P3REN                        
00000018  P3IN                         
00000019  P3OUT                        
0000001a  P3DIR                        
0000001b  P3SEL                        
00000020  P1IN                         
00000021  P1OUT                        
00000022  P1DIR                        
00000023  P1IFG                        
00000024  P1IES                        
00000025  P1IE                         
00000026  P1SEL                        
00000027  P1REN                        
00000028  P2IN                         
00000029  P2OUT                        
0000002a  P2DIR                        
0000002b  P2IFG                        
0000002c  P2IES                        
0000002d  P2IE                         
0000002e  P2SEL                        
0000002f  P2REN                        
00000041  P1SEL2                       
00000042  P2SEL2                       
00000043  P3SEL2                       
00000048  ADC10DTC0                    
00000049  ADC10DTC1                    
0000004a  ADC10AE0                     
00000050  __STACK_SIZE                 
00000053  BCSCTL3                      
00000056  DCOCTL                       
00000057  BCSCTL1                      
00000058  BCSCTL2                      
00000059  CACTL1                       
0000005a  CACTL2                       
0000005b  CAPD                         
0000005d  UCA0ABCTL                    
0000005e  UCA0IRTCTL                   
0000005f  UCA0IRRCTL                   
00000060  UCA0CTL0                     
00000061  UCA0CTL1                     
00000062  UCA0BR0                      
00000063  UCA0BR1                      
00000064  UCA0MCTL                     
00000065  UCA0STAT                     
00000066  UCA0RXBUF                    
00000067  UCA0TXBUF                    
00000068  UCB0CTL0                     
00000069  UCB0CTL1                     
0000006a  UCB0BR0                      
0000006b  UCB0BR1                      
0000006c  UCB0I2CIE                    
0000006d  UCB0STAT                     
0000006e  UCB0RXBUF                    
0000006f  UCB0TXBUF                    
00000118  UCB0I2COA                    
0000011a  UCB0I2CSA                    
0000011e  TA1IV                        
00000120  WDTCTL                       
00000128  FCTL1                        
0000012a  FCTL2                        
0000012c  FCTL3                        
0000012e  TA0IV                        
00000160  TA0CTL                       
00000162  TA0CCTL0                     
00000164  TA0CCTL1                     
00000166  TA0CCTL2                     
00000170  TA0R                         
00000172  TA0CCR0                      
00000174  TA0CCR1                      
00000176  TA0CCR2                      
00000180  TA1CTL                       
00000182  TA1CCTL0                     
00000184  TA1CCTL1                     
00000186  TA1CCTL2                     
00000190  TA1R                         
00000192  TA1CCR0                      
00000194  TA1CCR1                      
00000196  TA1CCR2                      
000001b0  ADC10CTL0                    
000001b2  ADC10CTL1                    
000001b4  ADC10MEM                     
000001bc  ADC10SA                      
000003b0  _stack                       
00000400  __STACK_END                  
000010c0  TLV_CHECKSUM                 
000010da  TLV_ADC10_1_TAG              
000010db  TLV_ADC10_1_LEN              
000010f6  TLV_DCO_30_TAG               
000010f7  TLV_DCO_30_LEN               
000010f8  CALDCO_16MHZ                 
000010f9  CALBC1_16MHZ                 
000010fa  CALDCO_12MHZ                 
000010fb  CALBC1_12MHZ                 
000010fc  CALDCO_8MHZ                  
000010fd  CALBC1_8MHZ                  
000010fe  CALDCO_1MHZ                  
000010ff  CALBC1_1MHZ                  
0000c000  convert_Hex_Dec              
0000c076  __mspabi_srli                
0000c084  __mspabi_srli_15             
0000c088  __mspabi_srli_14             
0000c08c  __mspabi_srli_13             
0000c090  __mspabi_srli_12             
0000c094  __mspabi_srli_11             
0000c098  __mspabi_srli_10             
0000c09c  __mspabi_srli_9              
0000c0a0  __mspabi_srli_8              
0000c0a4  __mspabi_srli_7              
0000c0a8  __mspabi_srli_6              
0000c0ac  __mspabi_srli_5              
0000c0b0  __mspabi_srli_4              
0000c0b4  __mspabi_srli_3              
0000c0b8  __mspabi_srli_2              
0000c0bc  __mspabi_srli_1              
0000c0c2  Aff_Init                     
0000c102  Aff_valeur                   
0000c140  Init_USI_SPI                 
0000c16e  __mspabi_srai                
0000c17a  __mspabi_srai_15             
0000c17c  __mspabi_srai_14             
0000c17e  __mspabi_srai_13             
0000c180  __mspabi_srai_12             
0000c182  __mspabi_srai_11             
0000c184  __mspabi_srai_10             
0000c186  __mspabi_srai_9              
0000c188  __mspabi_srai_8              
0000c18a  __mspabi_srai_7              
0000c18c  __mspabi_srai_6              
0000c18e  __mspabi_srai_5              
0000c190  __mspabi_srai_4              
0000c192  __mspabi_srai_3              
0000c194  __mspabi_srai_2              
0000c196  __mspabi_srai_1              
0000c19a  __mspabi_divi                
0000c19a  __mspabi_remi                
0000c1c6  __mspabi_slli                
0000c1d2  __mspabi_slli_15             
0000c1d4  __mspabi_slli_14             
0000c1d6  __mspabi_slli_13             
0000c1d8  __mspabi_slli_12             
0000c1da  __mspabi_slli_11             
0000c1dc  __mspabi_slli_10             
0000c1de  __mspabi_slli_9              
0000c1e0  __mspabi_slli_8              
0000c1e2  __mspabi_slli_7              
0000c1e4  __mspabi_slli_6              
0000c1e6  __mspabi_slli_5              
0000c1e8  __mspabi_slli_4              
0000c1ea  __mspabi_slli_3              
0000c1ec  __mspabi_slli_2              
0000c1ee  __mspabi_slli_1              
0000c1f2  main                         
0000c216  Aff_4carac                   
0000c238  Send_char_SPI                
0000c250  __mspabi_divu                
0000c250  __mspabi_remu                
0000c266  Aff_Luminosite               
0000c278  Aff_Points                   
0000c28a  _c_int00_noinit_noargs_noexit
0000c29c  Aff_Efface                   
0000c2ac  __TI_ISR_TRAP                
0000c2b4  C$$EXIT                      
0000c2b4  abort                        
0000c2ba  _system_pre_init             
0000ffe0  __TI_int00                   
0000ffe4  __TI_int02                   
0000ffe6  __TI_int03                   
0000ffea  __TI_int05                   
0000ffec  __TI_int06                   
0000ffee  __TI_int07                   
0000fff0  __TI_int08                   
0000fff2  __TI_int09                   
0000fff4  __TI_int10                   
0000fff6  __TI_int11                   
0000fff8  __TI_int12                   
0000fffa  __TI_int13                   
0000fffc  __TI_int14                   
0000fffe  _reset_vector                
ffffffff  __TI_pprof_out_hndl          
ffffffff  __TI_prof_data_size          
ffffffff  __TI_prof_data_start         
ffffffff  __c_args__                   

[186 symbols]
